
  .   ____          _            __ _ _
 /\\ / ___'_ __ _ _(_)_ __  __ _ \ \ \ \
( ( )\___ | '_ | '_| | '_ \/ _` | \ \ \ \
 \\/  ___)| |_)| | | | | || (_| |  ) ) ) )
  '  |____| .__|_| |_|_| |_\__, | / / / /
 =========|_|==============|___/=/_/_/_/

 :: Spring Boot ::                (v4.1.1)

2026-10-04T02:55:52.614Z  INFO 1 --- [shortener] [           main] uy.ct.shortener.ShortenerApplicationKt   : Starting AOT-processed ShortenerApplicationKt using Java 25.0.4.1 with PID 1 (/workspace/uy.ct.shortener.ShortenerApplicationKt started by cnb in /workspace)
2026-10-04T02:55:52.614Z  INFO 1 --- [shortener] [           main] uy.ct.shortener.ShortenerApplicationKt   : No active profile set, falling back to 1 default profile: "default"
2026-10-04T02:55:52.640Z  INFO 1 --- [shortener] [           main] o.s.boot.tomcat.TomcatWebServer          : Tomcat initialized with port 8080 (http)
2026-10-04T02:55:52.641Z  INFO 1 --- [shortener] [           main] o.apache.catalina.core.StandardService   : Starting service [Tomcat]
2026-10-04T02:55:52.641Z  INFO 1 --- [shortener] [           main] o.apache.catalina.core.StandardEngine    : Starting Servlet engine: [Apache Tomcat/11.0.24]
2026-10-04T02:55:52.645Z  INFO 1 --- [shortener] [           main] b.w.c.s.WebApplicationContextInitializer : Root WebApplicationContext: initialization completed in 31 ms
2026-10-04T02:55:52.679Z  INFO 1 --- [shortener] [           main] com.zaxxer.hikari.HikariDataSource       : HikariPool-1 - Starting...
2026-10-04T02:55:52.688Z  INFO 1 --- [shortener] [           main] com.zaxxer.hikari.pool.HikariPool        : HikariPool-1 - Added connection org.postgresql.jdbc.PgConnection@6d9541fd
2026-10-04T02:55:52.688Z  INFO 1 --- [shortener] [           main] com.zaxxer.hikari.HikariDataSource       : HikariPool-1 - Start completed.
2026-10-04T02:55:52.689Z  WARN 1 --- [shortener] [           main] org.flywaydb.core.FlywayExecutor         : Unable to scan location: /db/migration (unsupported protocol: resource)
2026-10-04T02:55:52.689Z  WARN 1 --- [shortener] [           main] org.flywaydb.core.FlywayExecutor         : Unable to scan location: /db/migration (unsupported protocol: resource)
2026-10-04T02:55:52.689Z  INFO 1 --- [shortener] [           main] org.flywaydb.core.FlywayExecutor         : Database: jdbc:postgresql://localhost:32781/mydatabase (PostgreSQL 18.6)
2026-10-04T02:55:52.689Z  WARN 1 --- [shortener] [           main] o.f.c.i.s.classpath.ClassPathScanner     : Unable to scan location: /db/migration (unsupported protocol: resource)
2026-10-04T02:55:52.689Z  WARN 1 --- [shortener] [           main] o.f.c.i.s.classpath.ClassPathScanner     : Unable to scan location: /db/migration (unsupported protocol: resource)
[0.110s] GC(0) Pause Full GC (Collect on allocation) 48.00M->9.50M 17.565ms
2026-10-04T02:55:52.711Z  INFO 1 --- [shortener] [           main] o.f.core.internal.command.DbValidate     : Successfully validated 5 migrations (execution time 00:00.019s)
2026-10-04T02:55:52.722Z  INFO 1 --- [shortener] [           main] o.f.core.internal.command.DbMigrate      : Current version of schema "public": 5
2026-10-04T02:55:52.722Z  INFO 1 --- [shortener] [           main] o.f.core.internal.command.DbMigrate      : Schema "public" is up to date. No migration necessary.
[0.223s] GC(1) Pause Incremental GC (Collect on allocation) 66.50M->17.50M 11.525ms
2026-10-04T02:55:52.835Z  WARN 1 --- [shortener] [           main] i.m.c.i.binder.jvm.JvmGcMetrics          : GC notifications will not be available because no GarbageCollectorMXBean of the JVM provides any. GCs=[young generation scavenger, complete scavenger]
2026-10-04T02:55:52.850Z  INFO 1 --- [shortener] [           main] o.s.boot.tomcat.TomcatWebServer          : Tomcat started on port 8080 (http) with context path '/'
2026-10-04T02:55:52.853Z  INFO 1 --- [shortener] [           main] o.s.boot.tomcat.TomcatWebServer          : Tomcat initialized with port 8081 (http)
2026-10-04T02:55:52.853Z  INFO 1 --- [shortener] [           main] o.apache.catalina.core.StandardService   : Starting service [Tomcat]
2026-10-04T02:55:52.853Z  INFO 1 --- [shortener] [           main] o.apache.catalina.core.StandardEngine    : Starting Servlet engine: [Apache Tomcat/11.0.24]
2026-10-04T02:55:52.854Z  INFO 1 --- [shortener] [           main] b.w.c.s.WebApplicationContextInitializer : Root WebApplicationContext: initialization completed in 3 ms
2026-10-04T02:55:52.855Z  INFO 1 --- [shortener] [           main] o.s.b.a.e.web.EndpointLinksResolver      : Exposing 2 endpoints beneath base path '/actuator'
2026-10-04T02:55:52.860Z  INFO 1 --- [shortener] [           main] o.s.boot.tomcat.TomcatWebServer          : Tomcat started on port 8081 (http) with context path '/'
2026-10-04T02:55:52.861Z  INFO 1 --- [shortener] [           main] o.s.s.config.TaskSchedulerRouter         : No TaskScheduler/ScheduledExecutorService bean found for scheduled processing
2026-10-04T02:55:52.861Z  INFO 1 --- [shortener] [           main] uy.ct.shortener.ShortenerApplicationKt   : Started ShortenerApplicationKt in 0.258 seconds (process running for 0.262)
2026-10-04T02:55:52.864Z  INFO 1 --- [shortener] [omcat-handler-0] o.a.c.c.C.[Tomcat-1].[localhost].[/]     : Initializing Spring DispatcherServlet 'dispatcherServletRegistration'
2026-10-04T02:55:52.864Z  INFO 1 --- [shortener] [omcat-handler-0] o.s.web.servlet.DispatcherServlet        : Initializing Servlet 'dispatcherServletRegistration'
2026-10-04T02:55:52.864Z  INFO 1 --- [shortener] [omcat-handler-0] o.s.web.servlet.DispatcherServlet        : Completed initialization in 0 ms
2026-10-04T02:55:59.109Z  INFO 1 --- [shortener] [omcat-handler-0] o.a.c.c.C.[Tomcat].[localhost].[/]       : Initializing Spring DispatcherServlet 'dispatcherServlet'
2026-10-04T02:55:59.109Z  INFO 1 --- [shortener] [omcat-handler-0] o.s.web.servlet.DispatcherServlet        : Initializing Servlet 'dispatcherServlet'
2026-10-04T02:55:59.110Z  INFO 1 --- [shortener] [omcat-handler-0] o.s.web.servlet.DispatcherServlet        : Completed initialization in 1 ms
[6.683s] GC(2) Pause Full GC (Collect on allocation) 78.62M->20.12M 28.379ms
[7.108s] GC(3) Pause Incremental GC (Collect on allocation) 89.12M->20.62M 1.360ms
[7.430s] GC(4) Pause Incremental GC (Collect on allocation) 94.12M->27.12M 4.038ms
[7.767s] GC(5) Pause Incremental GC (Collect on allocation) 105.12M->27.12M 3.587ms
[8.140s] GC(6) Pause Full GC (Collect on allocation) 109.62M->26.12M 17.896ms
[8.527s] GC(7) Pause Incremental GC (Collect on allocation) 118.12M->26.62M 1.573ms
[8.928s] GC(8) Pause Incremental GC (Collect on allocation) 117.12M->27.12M 1.349ms
[9.318s] GC(9) Pause Incremental GC (Collect on allocation) 116.12M->27.62M 1.446ms
[9.706s] GC(10) Pause Incremental GC (Collect on allocation) 115.12M->28.12M 1.379ms
[10.021s] GC(11) Pause Incremental GC (Collect on allocation) 114.12M->28.62M 1.360ms
[10.396s] GC(12) Pause Incremental GC (Collect on allocation) 113.12M->29.12M 1.414ms
[10.762s] GC(13) Pause Incremental GC (Collect on allocation) 112.12M->29.62M 1.475ms
[11.124s] GC(14) Pause Incremental GC (Collect on allocation) 111.12M->30.12M 1.494ms
[11.477s] GC(15) Pause Incremental GC (Collect on allocation) 110.12M->30.62M 1.438ms
[11.823s] GC(16) Pause Incremental GC (Collect on allocation) 109.12M->31.12M 1.443ms
[12.165s] GC(17) Pause Incremental GC (Collect on allocation) 108.12M->31.62M 1.389ms
[12.496s] GC(18) Pause Incremental GC (Collect on allocation) 107.12M->32.12M 1.450ms
[12.825s] GC(19) Pause Incremental GC (Collect on allocation) 106.12M->32.62M 1.498ms
[13.149s] GC(20) Pause Incremental GC (Collect on allocation) 105.12M->33.12M 1.385ms
[13.465s] GC(21) Pause Incremental GC (Collect on allocation) 104.12M->33.62M 1.419ms
[13.774s] GC(22) Pause Incremental GC (Collect on allocation) 103.12M->33.62M 1.522ms
[14.071s] GC(23) Pause Incremental GC (Collect on allocation) 102.12M->33.62M 1.331ms
[14.367s] GC(24) Pause Incremental GC (Collect on allocation) 101.12M->33.62M 1.360ms
[14.661s] GC(25) Pause Incremental GC (Collect on allocation) 100.12M->33.62M 1.424ms
[14.916s] GC(26) Pause Full GC (Collect on allocation) 99.12M->26.62M 16.772ms
[15.167s] GC(27) Pause Incremental GC (Collect on allocation) 90.12M->27.12M 1.598ms
[15.443s] GC(28) Pause Incremental GC (Collect on allocation) 89.62M->27.62M 1.368ms
[15.716s] GC(29) Pause Incremental GC (Collect on allocation) 89.12M->28.12M 1.852ms
[15.985s] GC(30) Pause Incremental GC (Collect on allocation) 88.62M->28.62M 1.305ms
[16.249s] GC(31) Pause Incremental GC (Collect on allocation) 88.12M->28.62M 1.361ms
[16.505s] GC(32) Pause Incremental GC (Collect on allocation) 87.12M->29.12M 1.363ms
[16.759s] GC(33) Pause Incremental GC (Collect on allocation) 86.62M->29.62M 1.425ms
[17.007s] GC(34) Pause Incremental GC (Collect on allocation) 86.12M->30.12M 1.343ms
[17.249s] GC(35) Pause Incremental GC (Collect on allocation) 85.62M->30.62M 1.319ms
[17.478s] GC(36) Pause Incremental GC (Collect on allocation) 85.12M->34.62M 2.841ms
[17.713s] GC(37) Pause Incremental GC (Collect on allocation) 88.12M->35.12M 2.377ms
[17.945s] GC(38) Pause Incremental GC (Collect on allocation) 87.62M->35.62M 2.141ms
[18.165s] GC(39) Pause Incremental GC (Collect on allocation) 87.12M->35.62M 2.241ms
[18.385s] GC(40) Pause Incremental GC (Collect on allocation) 86.12M->36.12M 1.947ms
[18.607s] GC(41) Pause Incremental GC (Collect on allocation) 85.62M->36.62M 1.842ms
[18.834s] GC(42) Pause Full GC (Collect on allocation) 85.12M->26.12M 17.755ms
[19.022s] GC(43) Pause Incremental GC (Collect on allocation) 72.62M->26.62M 1.485ms
[19.224s] GC(44) Pause Incremental GC (Collect on allocation) 72.12M->27.12M 1.241ms
[19.418s] GC(45) Pause Incremental GC (Collect on allocation) 71.62M->27.62M 1.410ms
[19.608s] GC(46) Pause Incremental GC (Collect on allocation) 71.12M->28.12M 1.272ms
[19.796s] GC(47) Pause Incremental GC (Collect on allocation) 71.12M->28.62M 1.273ms
[19.915s] GC(48) Pause Incremental GC (Collect on allocation) 71.12M->29.12M 1.352ms
[20.100s] GC(49) Pause Incremental GC (Collect on allocation) 71.12M->29.62M 1.284ms
[20.285s] GC(50) Pause Incremental GC (Collect on allocation) 71.12M->30.12M 1.317ms
[20.461s] GC(51) Pause Incremental GC (Collect on allocation) 71.12M->30.62M 1.281ms
[20.637s] GC(52) Pause Incremental GC (Collect on allocation) 71.12M->31.12M 1.266ms
[20.816s] GC(53) Pause Incremental GC (Collect on allocation) 71.12M->31.62M 1.352ms
[20.991s] GC(54) Pause Incremental GC (Collect on allocation) 71.12M->31.62M 1.242ms
[21.162s] GC(55) Pause Incremental GC (Collect on allocation) 70.62M->32.12M 1.245ms
[21.327s] GC(56) Pause Incremental GC (Collect on allocation) 70.62M->32.62M 1.394ms
[21.495s] GC(57) Pause Incremental GC (Collect on allocation) 70.62M->33.12M 1.260ms
[21.661s] GC(58) Pause Incremental GC (Collect on allocation) 70.62M->33.12M 1.354ms
[21.822s] GC(59) Pause Incremental GC (Collect on allocation) 70.12M->33.12M 1.254ms
[21.985s] GC(60) Pause Incremental GC (Collect on allocation) 69.62M->33.12M 1.202ms
[22.145s] GC(61) Pause Incremental GC (Collect on allocation) 69.12M->32.62M 1.232ms
[22.303s] GC(62) Pause Incremental GC (Collect on allocation) 68.12M->32.12M 1.343ms
[22.454s] GC(63) Pause Incremental GC (Collect on allocation) 67.12M->32.12M 1.355ms
[22.606s] GC(64) Pause Incremental GC (Collect on allocation) 66.62M->32.12M 1.278ms
[22.756s] GC(65) Pause Incremental GC (Collect on allocation) 66.12M->31.62M 1.339ms
[22.904s] GC(66) Pause Incremental GC (Collect on allocation) 65.12M->31.12M 1.232ms
[23.047s] GC(67) Pause Incremental GC (Collect on allocation) 64.12M->30.62M 1.307ms
[23.208s] GC(68) Pause Full GC (Collect on allocation) 63.12M->26.12M 17.249ms
[23.333s] GC(69) Pause Incremental GC (Collect on allocation) 57.62M->26.62M 1.488ms
[23.470s] GC(70) Pause Incremental GC (Collect on allocation) 57.62M->27.12M 1.202ms
[23.603s] GC(71) Pause Incremental GC (Collect on allocation) 57.62M->27.62M 1.225ms
[23.734s] GC(72) Pause Incremental GC (Collect on allocation) 57.62M->28.12M 1.600ms
[23.861s] GC(73) Pause Incremental GC (Collect on allocation) 57.62M->28.62M 1.675ms
[23.989s] GC(74) Pause Incremental GC (Collect on allocation) 57.62M->29.12M 1.186ms
[24.114s] GC(75) Pause Incremental GC (Collect on allocation) 57.62M->29.62M 1.243ms
[24.234s] GC(76) Pause Incremental GC (Collect on allocation) 57.62M->30.12M 1.347ms
[24.354s] GC(77) Pause Incremental GC (Collect on allocation) 57.62M->30.62M 1.255ms
[24.471s] GC(78) Pause Incremental GC (Collect on allocation) 57.62M->31.12M 1.239ms
[24.589s] GC(79) Pause Incremental GC (Collect on allocation) 57.62M->31.62M 1.214ms
[24.702s] GC(80) Pause Incremental GC (Collect on allocation) 57.62M->31.62M 1.271ms
[24.812s] GC(81) Pause Incremental GC (Collect on allocation) 57.12M->32.12M 1.256ms
[24.900s] GC(82) Pause Incremental GC (Collect on allocation) 57.12M->32.62M 1.644ms
[24.963s] GC(83) Pause Incremental GC (Collect on allocation) 57.12M->33.12M 1.237ms
[25.068s] GC(84) Pause Incremental GC (Collect on allocation) 57.12M->32.62M 1.315ms
[25.172s] GC(85) Pause Incremental GC (Collect on allocation) 56.12M->32.12M 1.243ms
[25.272s] GC(86) Pause Incremental GC (Collect on allocation) 55.12M->31.62M 1.301ms
[25.372s] GC(87) Pause Incremental GC (Collect on allocation) 54.12M->31.62M 1.258ms
[25.469s] GC(88) Pause Incremental GC (Collect on allocation) 53.62M->31.62M 1.220ms
[25.563s] GC(89) Pause Incremental GC (Collect on allocation) 53.12M->31.12M 1.249ms
[25.655s] GC(90) Pause Incremental GC (Collect on allocation) 52.12M->31.12M 1.166ms
[25.745s] GC(91) Pause Incremental GC (Collect on allocation) 51.62M->30.12M 1.264ms
[25.832s] GC(92) Pause Incremental GC (Collect on allocation) 50.12M->30.62M 1.246ms
[25.918s] GC(93) Pause Incremental GC (Collect on allocation) 50.12M->30.12M 1.447ms
[26.000s] GC(94) Pause Incremental GC (Collect on allocation) 49.12M->29.62M 1.362ms
[26.095s] GC(95) Pause Full GC (Collect on allocation) 48.12M->26.12M 16.992ms
[26.154s] GC(96) Pause Incremental GC (Collect on allocation) 43.62M->26.62M 1.387ms
[26.227s] GC(97) Pause Incremental GC (Collect on allocation) 43.62M->27.12M 1.228ms
[26.300s] GC(98) Pause Incremental GC (Collect on allocation) 43.62M->27.62M 1.206ms
[26.366s] GC(99) Pause Incremental GC (Collect on allocation) 43.62M->28.12M 1.204ms
[26.433s] GC(100) Pause Incremental GC (Collect on allocation) 43.62M->28.62M 1.210ms
[26.496s] GC(101) Pause Incremental GC (Collect on allocation) 43.62M->29.12M 1.144ms
[26.558s] GC(102) Pause Incremental GC (Collect on allocation) 43.62M->28.62M 1.411ms
[26.620s] GC(103) Pause Incremental GC (Collect on allocation) 42.62M->28.12M 1.217ms
[26.677s] GC(104) Pause Incremental GC (Collect on allocation) 41.62M->27.62M 1.129ms
[26.733s] GC(105) Pause Incremental GC (Collect on allocation) 40.62M->26.62M 1.253ms
[26.785s] GC(106) Pause Incremental GC (Collect on allocation) 39.12M->26.62M 1.144ms
[26.838s] GC(107) Pause Incremental GC (Collect on allocation) 38.62M->26.12M 1.140ms
[26.886s] GC(108) Pause Incremental GC (Collect on allocation) 37.62M->26.12M 1.149ms
[26.933s] GC(109) Pause Incremental GC (Collect on allocation) 37.12M->26.12M 1.283ms
[26.978s] GC(110) Pause Incremental GC (Collect on allocation) 36.62M->26.12M 1.104ms
[27.019s] GC(111) Pause Incremental GC (Collect on allocation) 36.12M->26.12M 1.135ms
[27.059s] GC(112) Pause Incremental GC (Collect on allocation) 35.62M->26.62M 1.266ms
[27.096s] GC(113) Pause Incremental GC (Collect on allocation) 35.62M->26.62M 1.119ms
[27.132s] GC(114) Pause Incremental GC (Collect on allocation) 35.12M->26.62M 1.280ms
[27.165s] GC(115) Pause Incremental GC (Collect on allocation) 34.62M->26.62M 1.215ms
[27.197s] GC(116) Pause Incremental GC (Collect on allocation) 34.12M->26.62M 1.158ms
[27.223s] GC(117) Pause Incremental GC (Collect on allocation) 33.62M->26.62M 1.223ms
[27.249s] GC(118) Pause Incremental GC (Collect on allocation) 33.12M->26.62M 1.349ms
[27.271s] GC(119) Pause Incremental GC (Collect on allocation) 32.62M->27.62M 1.355ms
[27.296s] GC(120) Pause Incremental GC (Collect on allocation) 34.62M->28.12M 1.428ms
[27.348s] GC(121) Pause Full GC (Collect on allocation) 36.12M->25.62M 24.782ms
[27.363s] GC(122) Pause Incremental GC (Collect on allocation) 35.62M->26.12M 1.600ms
[27.411s] GC(123) Pause Incremental GC (Collect on allocation) 37.12M->26.12M 1.183ms
[27.465s] GC(124) Pause Incremental GC (Collect on allocation) 38.62M->26.12M 1.148ms
[27.516s] GC(125) Pause Incremental GC (Collect on allocation) 38.12M->26.62M 1.133ms
[27.565s] GC(126) Pause Incremental GC (Collect on allocation) 38.12M->26.62M 1.243ms
[27.611s] GC(127) Pause Incremental GC (Collect on allocation) 37.62M->26.62M 1.186ms
[27.655s] GC(128) Pause Incremental GC (Collect on allocation) 37.12M->26.62M 1.177ms
[27.696s] GC(129) Pause Incremental GC (Collect on allocation) 36.62M->26.62M 1.165ms
[27.737s] GC(130) Pause Incremental GC (Collect on allocation) 36.12M->26.62M 1.136ms
[27.774s] GC(131) Pause Incremental GC (Collect on allocation) 35.62M->26.62M 1.226ms
[27.809s] GC(132) Pause Incremental GC (Collect on allocation) 35.12M->26.62M 1.252ms
[27.843s] GC(133) Pause Incremental GC (Collect on allocation) 34.62M->26.62M 1.277ms
[27.873s] GC(134) Pause Incremental GC (Collect on allocation) 34.12M->26.62M 1.333ms
[27.903s] GC(135) Pause Incremental GC (Collect on allocation) 33.62M->26.62M 1.227ms
[27.929s] GC(136) Pause Incremental GC (Collect on allocation) 33.12M->26.62M 1.137ms
[27.960s] GC(137) Pause Incremental GC (Collect on allocation) 34.12M->26.62M 1.175ms
[27.994s] GC(138) Pause Incremental GC (Collect on allocation) 35.12M->26.62M 1.173ms
[28.029s] GC(139) Pause Incremental GC (Collect on allocation) 34.62M->26.62M 1.223ms
[28.060s] GC(140) Pause Incremental GC (Collect on allocation) 34.12M->26.62M 1.082ms
[28.089s] GC(141) Pause Incremental GC (Collect on allocation) 33.62M->26.62M 1.233ms
[28.117s] GC(142) Pause Incremental GC (Collect on allocation) 33.12M->26.62M 1.087ms
[28.141s] GC(143) Pause Incremental GC (Collect on allocation) 32.62M->26.62M 1.079ms
[28.170s] GC(144) Pause Incremental GC (Collect on allocation) 33.62M->27.12M 1.125ms
[28.205s] GC(145) Pause Incremental GC (Collect on allocation) 35.12M->27.12M 1.185ms
[28.243s] GC(146) Pause Incremental GC (Collect on allocation) 36.12M->27.12M 1.184ms
[28.279s] GC(147) Pause Incremental GC (Collect on allocation) 35.62M->27.12M 1.144ms
[28.312s] GC(148) Pause Incremental GC (Collect on allocation) 35.12M->27.12M 1.191ms
[28.343s] GC(149) Pause Incremental GC (Collect on allocation) 34.62M->27.12M 1.429ms
[28.372s] GC(150) Pause Incremental GC (Collect on allocation) 34.12M->27.12M 1.123ms
[28.399s] GC(151) Pause Incremental GC (Collect on allocation) 33.62M->27.12M 1.219ms
[28.431s] GC(152) Pause Incremental GC (Collect on allocation) 34.62M->27.12M 1.117ms
[28.466s] GC(153) Pause Incremental GC (Collect on allocation) 35.62M->27.12M 1.097ms
[28.499s] GC(154) Pause Incremental GC (Collect on allocation) 35.12M->27.12M 1.184ms
[28.528s] GC(155) Pause Incremental GC (Collect on allocation) 34.62M->27.12M 1.168ms
[28.557s] GC(156) Pause Incremental GC (Collect on allocation) 34.12M->27.12M 1.144ms
[28.605s] GC(157) Pause Full GC (Collect on allocation) 33.62M->26.12M 21.447ms
[28.622s] GC(158) Pause Incremental GC (Collect on allocation) 34.62M->26.12M 1.250ms
[28.662s] GC(159) Pause Incremental GC (Collect on allocation) 35.62M->26.12M 1.205ms
[28.700s] GC(160) Pause Incremental GC (Collect on allocation) 35.12M->26.62M 1.152ms
[28.736s] GC(161) Pause Incremental GC (Collect on allocation) 35.12M->26.62M 1.151ms
[28.769s] GC(162) Pause Incremental GC (Collect on allocation) 34.62M->26.62M 1.293ms
[28.801s] GC(163) Pause Incremental GC (Collect on allocation) 34.12M->26.62M 1.145ms
[28.830s] GC(164) Pause Incremental GC (Collect on allocation) 33.62M->26.62M 1.139ms
[28.856s] GC(165) Pause Incremental GC (Collect on allocation) 33.12M->26.62M 1.285ms
[28.887s] GC(166) Pause Incremental GC (Collect on allocation) 34.12M->26.62M 1.150ms
[28.923s] GC(167) Pause Incremental GC (Collect on allocation) 35.12M->26.62M 1.173ms
[28.963s] GC(168) Pause Incremental GC (Collect on allocation) 36.12M->26.62M 1.064ms
[28.999s] GC(169) Pause Incremental GC (Collect on allocation) 35.62M->26.62M 1.159ms
[29.035s] GC(170) Pause Incremental GC (Collect on allocation) 35.12M->26.62M 1.096ms
[29.070s] GC(171) Pause Incremental GC (Collect on allocation) 34.62M->26.62M 1.089ms
[29.102s] GC(172) Pause Incremental GC (Collect on allocation) 34.12M->26.62M 1.145ms
[29.131s] GC(173) Pause Incremental GC (Collect on allocation) 33.62M->26.62M 1.026ms
[29.158s] GC(174) Pause Incremental GC (Collect on allocation) 33.12M->26.62M 1.155ms
[29.181s] GC(175) Pause Incremental GC (Collect on allocation) 32.62M->26.62M 1.059ms
[29.210s] GC(176) Pause Incremental GC (Collect on allocation) 33.62M->26.62M 1.221ms
[29.242s] GC(177) Pause Incremental GC (Collect on allocation) 34.62M->26.62M 1.168ms
[29.281s] GC(178) Pause Incremental GC (Collect on allocation) 35.62M->26.62M 1.185ms
[29.314s] GC(179) Pause Incremental GC (Collect on allocation) 35.12M->26.62M 1.166ms
[29.347s] GC(180) Pause Incremental GC (Collect on allocation) 34.62M->26.62M 1.164ms
[29.378s] GC(181) Pause Incremental GC (Collect on allocation) 34.12M->27.12M 1.146ms
[29.407s] GC(182) Pause Incremental GC (Collect on allocation) 34.12M->27.12M 1.160ms
[29.432s] GC(183) Pause Incremental GC (Collect on allocation) 33.62M->27.12M 1.137ms
[29.465s] GC(184) Pause Incremental GC (Collect on allocation) 34.62M->27.12M 1.059ms
[29.499s] GC(185) Pause Incremental GC (Collect on allocation) 35.62M->27.12M 1.188ms
[29.532s] GC(186) Pause Incremental GC (Collect on allocation) 35.12M->27.12M 1.173ms
[29.564s] GC(187) Pause Incremental GC (Collect on allocation) 34.62M->27.12M 1.098ms
[29.593s] GC(188) Pause Incremental GC (Collect on allocation) 34.12M->27.12M 1.164ms
[29.620s] GC(189) Pause Incremental GC (Collect on allocation) 33.62M->27.12M 1.097ms
[29.651s] GC(190) Pause Incremental GC (Collect on allocation) 34.62M->27.12M 1.143ms
[29.681s] GC(191) Pause Incremental GC (Collect on allocation) 34.12M->27.12M 1.142ms
[29.715s] GC(192) Pause Incremental GC (Collect on allocation) 35.12M->27.12M 1.141ms
[29.747s] GC(193) Pause Incremental GC (Collect on allocation) 34.62M->27.12M 1.045ms
[29.775s] GC(194) Pause Incremental GC (Collect on allocation) 34.12M->27.12M 1.165ms
[29.823s] GC(195) Pause Full GC (Collect on allocation) 33.62M->26.12M 20.851ms
[29.838s] GC(196) Pause Incremental GC (Collect on allocation) 34.62M->26.12M 1.262ms
[29.879s] GC(197) Pause Incremental GC (Collect on allocation) 35.62M->26.62M 1.115ms
[29.900s] GC(198) Pause Incremental GC (Collect on allocation) 35.62M->26.62M 1.334ms
[29.902s] GC(199) Pause Incremental GC (Collect on allocation) 36.62M->26.62M 1.157ms
[29.932s] GC(200) Pause Incremental GC (Collect on allocation) 36.12M->26.62M 1.279ms
[29.970s] GC(201) Pause Incremental GC (Collect on allocation) 35.62M->26.62M 1.176ms
[30.007s] GC(202) Pause Incremental GC (Collect on allocation) 35.12M->26.62M 1.170ms
[30.041s] GC(203) Pause Incremental GC (Collect on allocation) 34.62M->26.62M 1.135ms
[30.072s] GC(204) Pause Incremental GC (Collect on allocation) 34.12M->26.62M 1.123ms
[30.101s] GC(205) Pause Incremental GC (Collect on allocation) 33.62M->26.62M 1.128ms
[30.128s] GC(206) Pause Incremental GC (Collect on allocation) 33.12M->26.62M 1.067ms
[30.152s] GC(207) Pause Incremental GC (Collect on allocation) 32.62M->26.62M 1.236ms
[30.175s] GC(208) Pause Incremental GC (Collect on allocation) 32.12M->26.62M 1.167ms
[30.193s] GC(209) Pause Incremental GC (Collect on allocation) 31.62M->26.62M 1.181ms
[30.211s] GC(210) Pause Incremental GC (Collect on allocation) 31.12M->26.62M 1.145ms
[30.225s] GC(211) Pause Incremental GC (Collect on allocation) 30.62M->27.12M 1.124ms
[30.241s] GC(212) Pause Incremental GC (Collect on allocation) 31.12M->27.12M 1.102ms
[30.257s] GC(213) Pause Incremental GC (Collect on allocation) 31.12M->27.12M 1.146ms
[30.272s] GC(214) Pause Incremental GC (Collect on allocation) 31.12M->27.12M 1.082ms
[30.288s] GC(215) Pause Incremental GC (Collect on allocation) 31.12M->27.12M 1.112ms
[30.305s] GC(216) Pause Incremental GC (Collect on allocation) 31.12M->27.12M 1.081ms
[30.320s] GC(217) Pause Incremental GC (Collect on allocation) 31.12M->27.12M 1.183ms
[30.338s] GC(218) Pause Incremental GC (Collect on allocation) 31.62M->27.12M 1.325ms
[30.359s] GC(219) Pause Incremental GC (Collect on allocation) 32.12M->27.12M 1.174ms
[30.380s] GC(220) Pause Incremental GC (Collect on allocation) 32.62M->27.12M 1.175ms
[30.407s] GC(221) Pause Incremental GC (Collect on allocation) 33.62M->27.12M 1.113ms
[30.439s] GC(222) Pause Incremental GC (Collect on allocation) 34.62M->27.12M 1.137ms
[30.473s] GC(223) Pause Incremental GC (Collect on allocation) 35.62M->27.12M 1.104ms
[30.514s] GC(224) Pause Incremental GC (Collect on allocation) 36.62M->27.12M 1.177ms
[30.558s] GC(225) Pause Incremental GC (Collect on allocation) 37.62M->27.12M 1.155ms
[30.609s] GC(226) Pause Incremental GC (Collect on allocation) 39.12M->27.62M 1.263ms
[30.657s] GC(227) Pause Incremental GC (Collect on allocation) 39.12M->27.62M 1.155ms
[30.705s] GC(228) Pause Incremental GC (Collect on allocation) 38.62M->27.62M 1.139ms
[30.749s] GC(229) Pause Incremental GC (Collect on allocation) 38.12M->27.62M 1.214ms
[30.793s] GC(230) Pause Incremental GC (Collect on allocation) 37.62M->27.62M 1.252ms
[30.832s] GC(231) Pause Incremental GC (Collect on allocation) 37.12M->27.62M 1.150ms
[30.890s] GC(232) Pause Full GC (Collect on allocation) 36.62M->26.12M 20.076ms
[30.904s] GC(233) Pause Incremental GC (Collect on allocation) 34.12M->26.12M 1.361ms
[30.935s] GC(234) Pause Incremental GC (Collect on allocation) 33.62M->26.62M 1.200ms
[30.964s] GC(235) Pause Incremental GC (Collect on allocation) 33.62M->26.62M 1.145ms
[30.991s] GC(236) Pause Incremental GC (Collect on allocation) 33.12M->26.62M 1.122ms
[31.022s] GC(237) Pause Incremental GC (Collect on allocation) 34.12M->26.62M 1.079ms
[31.058s] GC(238) Pause Incremental GC (Collect on allocation) 35.12M->26.62M 1.177ms
[31.092s] GC(239) Pause Incremental GC (Collect on allocation) 34.62M->26.62M 1.241ms
[31.124s] GC(240) Pause Incremental GC (Collect on allocation) 34.12M->26.62M 1.083ms
[31.153s] GC(241) Pause Incremental GC (Collect on allocation) 33.62M->26.62M 1.140ms
[31.186s] GC(242) Pause Incremental GC (Collect on allocation) 34.62M->26.62M 1.518ms
[31.224s] GC(243) Pause Incremental GC (Collect on allocation) 35.62M->26.62M 1.158ms
[31.266s] GC(244) Pause Incremental GC (Collect on allocation) 36.62M->26.62M 1.140ms
[31.307s] GC(245) Pause Incremental GC (Collect on allocation) 36.12M->26.62M 1.150ms
[31.346s] GC(246) Pause Incremental GC (Collect on allocation) 35.62M->26.62M 1.161ms
[31.380s] GC(247) Pause Incremental GC (Collect on allocation) 35.12M->26.62M 1.209ms
[31.414s] GC(248) Pause Incremental GC (Collect on allocation) 34.62M->26.62M 1.177ms
[31.444s] GC(249) Pause Incremental GC (Collect on allocation) 34.12M->26.62M 1.215ms
[31.472s] GC(250) Pause Incremental GC (Collect on allocation) 33.62M->26.62M 1.119ms
[31.504s] GC(251) Pause Incremental GC (Collect on allocation) 34.62M->26.62M 1.137ms
[31.542s] GC(252) Pause Incremental GC (Collect on allocation) 35.62M->27.12M 1.172ms
[31.579s] GC(253) Pause Incremental GC (Collect on allocation) 35.62M->27.12M 1.092ms
[31.612s] GC(254) Pause Incremental GC (Collect on allocation) 35.12M->27.12M 1.034ms
[31.644s] GC(255) Pause Incremental GC (Collect on allocation) 34.62M->27.12M 1.142ms
[31.673s] GC(256) Pause Incremental GC (Collect on allocation) 34.12M->27.12M 1.187ms
[31.700s] GC(257) Pause Incremental GC (Collect on allocation) 33.62M->27.12M 1.101ms
[31.730s] GC(258) Pause Incremental GC (Collect on allocation) 34.62M->27.12M 1.122ms
[31.767s] GC(259) Pause Incremental GC (Collect on allocation) 35.62M->27.12M 1.160ms
[31.800s] GC(260) Pause Incremental GC (Collect on allocation) 35.12M->27.12M 1.223ms
[31.831s] GC(261) Pause Incremental GC (Collect on allocation) 34.62M->27.12M 1.196ms
[31.867s] GC(262) Pause Incremental GC (Collect on allocation) 35.62M->27.12M 1.149ms
[31.901s] GC(263) Pause Incremental GC (Collect on allocation) 35.12M->27.12M 1.162ms
[31.933s] GC(264) Pause Incremental GC (Collect on allocation) 34.62M->27.12M 1.089ms
[31.961s] GC(265) Pause Incremental GC (Collect on allocation) 34.12M->27.12M 1.145ms
[32.014s] GC(266) Pause Full GC (Collect on allocation) 35.12M->26.12M 21.646ms
[32.034s] GC(267) Pause Incremental GC (Collect on allocation) 36.12M->26.12M 1.336ms
[32.081s] GC(268) Pause Incremental GC (Collect on allocation) 37.12M->26.12M 1.152ms
[32.125s] GC(269) Pause Incremental GC (Collect on allocation) 36.62M->26.62M 1.194ms
[32.166s] GC(270) Pause Incremental GC (Collect on allocation) 36.62M->26.62M 1.199ms
[32.208s] GC(271) Pause Incremental GC (Collect on allocation) 36.12M->26.62M 1.410ms
[32.245s] GC(272) Pause Incremental GC (Collect on allocation) 35.62M->26.62M 1.166ms
[32.281s] GC(273) Pause Incremental GC (Collect on allocation) 35.12M->26.62M 1.177ms
[32.314s] GC(274) Pause Incremental GC (Collect on allocation) 34.62M->26.62M 1.196ms
[32.345s] GC(275) Pause Incremental GC (Collect on allocation) 34.12M->26.62M 1.259ms
[32.374s] GC(276) Pause Incremental GC (Collect on allocation) 33.62M->26.62M 1.040ms
[32.407s] GC(277) Pause Incremental GC (Collect on allocation) 34.62M->26.62M 1.143ms
[32.437s] GC(278) Pause Incremental GC (Collect on allocation) 34.12M->26.62M 1.177ms
[32.473s] GC(279) Pause Incremental GC (Collect on allocation) 35.12M->26.62M 1.357ms
[32.513s] GC(280) Pause Incremental GC (Collect on allocation) 36.12M->26.62M 1.177ms
[32.551s] GC(281) Pause Incremental GC (Collect on allocation) 35.62M->26.62M 1.208ms
[32.587s] GC(282) Pause Incremental GC (Collect on allocation) 35.12M->26.62M 1.115ms
[32.621s] GC(283) Pause Incremental GC (Collect on allocation) 34.62M->26.62M 1.147ms
[32.653s] GC(284) Pause Incremental GC (Collect on allocation) 34.12M->26.62M 1.122ms
[32.683s] GC(285) Pause Incremental GC (Collect on allocation) 33.62M->26.62M 1.119ms
[32.708s] GC(286) Pause Incremental GC (Collect on allocation) 33.12M->26.62M 1.142ms
[32.739s] GC(287) Pause Incremental GC (Collect on allocation) 34.12M->26.62M 0.995ms
[32.773s] GC(288) Pause Incremental GC (Collect on allocation) 35.12M->27.12M 1.192ms
[32.811s] GC(289) Pause Incremental GC (Collect on allocation) 36.62M->27.12M 1.261ms
[32.856s] GC(290) Pause Incremental GC (Collect on allocation) 37.62M->27.12M 1.216ms
[32.898s] GC(291) Pause Incremental GC (Collect on allocation) 37.12M->27.12M 1.105ms
[32.939s] GC(292) Pause Incremental GC (Collect on allocation) 36.62M->27.12M 1.124ms
[32.976s] GC(293) Pause Incremental GC (Collect on allocation) 36.12M->27.12M 1.326ms
[33.012s] GC(294) Pause Incremental GC (Collect on allocation) 35.62M->27.12M 1.214ms
[33.047s] GC(295) Pause Incremental GC (Collect on allocation) 35.12M->27.12M 1.111ms
[33.076s] GC(296) Pause Incremental GC (Collect on allocation) 34.62M->27.12M 1.200ms
[33.106s] GC(297) Pause Incremental GC (Collect on allocation) 34.12M->27.12M 1.100ms
[33.134s] GC(298) Pause Incremental GC (Collect on allocation) 33.62M->27.12M 1.047ms
[33.164s] GC(299) Pause Incremental GC (Collect on allocation) 34.62M->27.12M 1.065ms
[33.201s] GC(300) Pause Incremental GC (Collect on allocation) 35.62M->27.12M 1.237ms
[33.234s] GC(301) Pause Incremental GC (Collect on allocation) 35.12M->27.12M 1.190ms
[33.272s] GC(302) Pause Incremental GC (Collect on allocation) 36.12M->27.12M 1.164ms
[33.327s] GC(303) Pause Full GC (Collect on allocation) 35.62M->26.12M 22.039ms
[33.339s] GC(304) Pause Incremental GC (Collect on allocation) 33.62M->26.12M 1.381ms
[33.373s] GC(305) Pause Incremental GC (Collect on allocation) 34.62M->26.62M 1.110ms
[33.413s] GC(306) Pause Incremental GC (Collect on allocation) 36.12M->26.62M 1.153ms
[33.452s] GC(307) Pause Incremental GC (Collect on allocation) 35.62M->26.62M 1.138ms
[33.488s] GC(308) Pause Incremental GC (Collect on allocation) 35.12M->26.62M 1.108ms
[33.522s] GC(309) Pause Incremental GC (Collect on allocation) 34.62M->26.62M 1.135ms
[33.553s] GC(310) Pause Incremental GC (Collect on allocation) 34.12M->26.62M 1.120ms
[33.583s] GC(311) Pause Incremental GC (Collect on allocation) 33.62M->26.62M 1.127ms
[33.610s] GC(312) Pause Incremental GC (Collect on allocation) 33.12M->26.62M 1.247ms
[33.641s] GC(313) Pause Incremental GC (Collect on allocation) 34.12M->26.62M 1.068ms
[33.678s] GC(314) Pause Incremental GC (Collect on allocation) 35.12M->26.62M 1.069ms
[33.712s] GC(315) Pause Incremental GC (Collect on allocation) 34.62M->26.62M 1.129ms
[33.743s] GC(316) Pause Incremental GC (Collect on allocation) 34.12M->26.62M 1.179ms
[33.771s] GC(317) Pause Incremental GC (Collect on allocation) 33.62M->26.62M 1.187ms
[33.805s] GC(318) Pause Incremental GC (Collect on allocation) 34.62M->26.62M 1.127ms
[33.844s] GC(319) Pause Incremental GC (Collect on allocation) 35.62M->26.62M 1.148ms
[33.879s] GC(320) Pause Incremental GC (Collect on allocation) 35.12M->26.62M 1.151ms
[33.911s] GC(321) Pause Incremental GC (Collect on allocation) 34.62M->26.62M 1.143ms
[33.944s] GC(322) Pause Incremental GC (Collect on allocation) 34.12M->26.62M 1.366ms
[33.979s] GC(323) Pause Incremental GC (Collect on allocation) 35.12M->26.62M 1.047ms
[34.013s] GC(324) Pause Incremental GC (Collect on allocation) 34.62M->26.62M 1.127ms
[34.043s] GC(325) Pause Incremental GC (Collect on allocation) 34.12M->26.62M 1.262ms
[34.078s] GC(326) Pause Incremental GC (Collect on allocation) 35.12M->26.62M 1.134ms
[34.119s] GC(327) Pause Incremental GC (Collect on allocation) 36.12M->26.62M 1.151ms
[34.157s] GC(328) Pause Incremental GC (Collect on allocation) 35.62M->26.62M 1.206ms
[34.194s] GC(329) Pause Incremental GC (Collect on allocation) 35.12M->27.12M 1.248ms
[34.228s] GC(330) Pause Incremental GC (Collect on allocation) 35.12M->27.12M 1.183ms
[34.259s] GC(331) Pause Incremental GC (Collect on allocation) 34.62M->27.12M 1.145ms
[34.289s] GC(332) Pause Incremental GC (Collect on allocation) 34.12M->27.12M 1.135ms
[34.323s] GC(333) Pause Incremental GC (Collect on allocation) 35.12M->27.12M 1.225ms
[34.360s] GC(334) Pause Incremental GC (Collect on allocation) 36.12M->27.12M 1.133ms
[34.396s] GC(335) Pause Incremental GC (Collect on allocation) 35.62M->27.12M 1.128ms
[34.430s] GC(336) Pause Incremental GC (Collect on allocation) 35.12M->27.12M 1.144ms
[34.462s] GC(337) Pause Incremental GC (Collect on allocation) 34.62M->27.12M 1.612ms
[34.517s] GC(338) Pause Full GC (Collect on allocation) 35.62M->26.12M 20.854ms
[34.542s] GC(339) Pause Incremental GC (Collect on allocation) 36.62M->26.62M 1.326ms
[34.594s] GC(340) Pause Incremental GC (Collect on allocation) 38.62M->26.62M 1.212ms
[34.643s] GC(341) Pause Incremental GC (Collect on allocation) 38.12M->26.62M 1.198ms
[34.690s] GC(342) Pause Incremental GC (Collect on allocation) 37.62M->26.62M 1.195ms
[34.735s] GC(343) Pause Incremental GC (Collect on allocation) 37.12M->26.62M 1.219ms
[34.777s] GC(344) Pause Incremental GC (Collect on allocation) 36.62M->26.62M 1.173ms
[34.817s] GC(345) Pause Incremental GC (Collect on allocation) 36.12M->26.62M 1.148ms
[34.854s] GC(346) Pause Incremental GC (Collect on allocation) 35.62M->26.62M 1.115ms
[34.886s] GC(347) Pause Incremental GC (Collect on allocation) 35.12M->26.62M 1.186ms
[34.900s] GC(348) Pause Incremental GC (Collect on allocation) 34.62M->26.62M 1.194ms
[34.902s] GC(349) Pause Incremental GC (Collect on allocation) 35.62M->26.62M 1.117ms
[34.935s] GC(350) Pause Incremental GC (Collect on allocation) 36.62M->26.62M 1.162ms
[34.983s] GC(351) Pause Incremental GC (Collect on allocation) 37.62M->27.12M 1.179ms
[35.036s] GC(352) Pause Incremental GC (Collect on allocation) 39.62M->27.12M 1.104ms
[35.096s] GC(353) Pause Incremental GC (Collect on allocation) 41.12M->27.12M 1.151ms
[35.163s] GC(354) Pause Incremental GC (Collect on allocation) 42.62M->27.12M 1.573ms
[35.237s] GC(355) Pause Incremental GC (Collect on allocation) 44.62M->27.12M 1.097ms
[35.321s] GC(356) Pause Incremental GC (Collect on allocation) 46.12M->27.12M 1.110ms
[35.409s] GC(357) Pause Incremental GC (Collect on allocation) 47.62M->27.12M 1.273ms
[35.495s] GC(358) Pause Incremental GC (Collect on allocation) 47.12M->27.12M 1.549ms
[35.580s] GC(359) Pause Incremental GC (Collect on allocation) 46.62M->27.12M 1.223ms
[35.664s] GC(360) Pause Incremental GC (Collect on allocation) 46.12M->27.12M 1.238ms
[35.745s] GC(361) Pause Incremental GC (Collect on allocation) 45.62M->27.12M 1.212ms
[35.823s] GC(362) Pause Incremental GC (Collect on allocation) 45.12M->27.12M 1.229ms
[35.897s] GC(363) Pause Incremental GC (Collect on allocation) 44.62M->27.12M 1.220ms
[35.969s] GC(364) Pause Incremental GC (Collect on allocation) 44.12M->27.12M 1.477ms
[36.041s] GC(365) Pause Incremental GC (Collect on allocation) 43.62M->27.12M 1.326ms
[36.110s] GC(366) Pause Incremental GC (Collect on allocation) 43.12M->27.12M 1.305ms
[36.176s] GC(367) Pause Incremental GC (Collect on allocation) 42.62M->27.12M 1.270ms
[36.240s] GC(368) Pause Incremental GC (Collect on allocation) 42.12M->27.12M 1.268ms
[36.303s] GC(369) Pause Incremental GC (Collect on allocation) 41.62M->27.12M 1.178ms
[36.364s] GC(370) Pause Incremental GC (Collect on allocation) 41.12M->27.12M 1.151ms
[36.422s] GC(371) Pause Incremental GC (Collect on allocation) 40.62M->27.12M 1.284ms
[36.479s] GC(372) Pause Incremental GC (Collect on allocation) 40.12M->27.62M 1.231ms
[36.552s] GC(373) Pause Full GC (Collect on allocation) 40.12M->26.12M 20.892ms
[36.582s] GC(374) Pause Incremental GC (Collect on allocation) 37.62M->26.62M 1.439ms
[36.629s] GC(375) Pause Incremental GC (Collect on allocation) 37.62M->26.62M 1.158ms
[36.673s] GC(376) Pause Incremental GC (Collect on allocation) 37.12M->26.62M 1.264ms
[36.715s] GC(377) Pause Incremental GC (Collect on allocation) 36.62M->26.62M 1.150ms
[36.756s] GC(378) Pause Incremental GC (Collect on allocation) 36.12M->26.62M 1.244ms
[36.793s] GC(379) Pause Incremental GC (Collect on allocation) 35.62M->26.62M 1.278ms
[36.829s] GC(380) Pause Incremental GC (Collect on allocation) 35.12M->26.62M 1.190ms
[36.862s] GC(381) Pause Incremental GC (Collect on allocation) 34.62M->26.62M 1.156ms
[36.893s] GC(382) Pause Incremental GC (Collect on allocation) 34.12M->26.62M 1.222ms
[36.923s] GC(383) Pause Incremental GC (Collect on allocation) 33.62M->26.62M 1.170ms
[36.951s] GC(384) Pause Incremental GC (Collect on allocation) 33.12M->26.62M 1.130ms
[36.975s] GC(385) Pause Incremental GC (Collect on allocation) 32.62M->26.62M 1.087ms
[37.005s] GC(386) Pause Incremental GC (Collect on allocation) 33.62M->26.62M 1.064ms
[37.037s] GC(387) Pause Incremental GC (Collect on allocation) 34.62M->26.62M 1.077ms
[37.075s] GC(388) Pause Incremental GC (Collect on allocation) 35.62M->26.62M 1.122ms
[37.112s] GC(389) Pause Incremental GC (Collect on allocation) 35.12M->26.62M 1.131ms
[37.146s] GC(390) Pause Incremental GC (Collect on allocation) 34.62M->26.62M 1.133ms
[37.176s] GC(391) Pause Incremental GC (Collect on allocation) 34.12M->26.62M 1.318ms
[37.202s] GC(392) Pause Incremental GC (Collect on allocation) 33.62M->26.62M 1.274ms
[37.234s] GC(393) Pause Incremental GC (Collect on allocation) 34.62M->26.62M 1.247ms
[37.845s] GC(394) Pause Incremental GC (Collect on allocation) 35.62M->27.12M 1.236ms
[37.901s] GC(395) Pause Incremental GC (Collect on allocation) 35.62M->27.12M 1.155ms
[37.952s] GC(396) Pause Incremental GC (Collect on allocation) 35.12M->27.12M 1.559ms
[37.999s] GC(397) Pause Incremental GC (Collect on allocation) 34.62M->27.12M 1.103ms
[38.046s] GC(398) Pause Incremental GC (Collect on allocation) 34.12M->27.12M 1.119ms
[38.087s] GC(399) Pause Incremental GC (Collect on allocation) 33.62M->27.12M 1.103ms
[38.124s] GC(400) Pause Incremental GC (Collect on allocation) 33.12M->27.12M 1.081ms
[38.157s] GC(401) Pause Incremental GC (Collect on allocation) 32.62M->27.12M 1.166ms
[38.186s] GC(402) Pause Incremental GC (Collect on allocation) 32.12M->27.12M 1.198ms
[38.215s] GC(403) Pause Incremental GC (Collect on allocation) 31.62M->27.12M 1.109ms
[38.240s] GC(404) Pause Incremental GC (Collect on allocation) 31.12M->27.12M 1.104ms
[38.267s] GC(405) Pause Incremental GC (Collect on allocation) 31.12M->27.62M 1.226ms
[38.298s] GC(406) Pause Incremental GC (Collect on allocation) 32.12M->27.62M 1.109ms
[38.333s] GC(407) Pause Incremental GC (Collect on allocation) 32.62M->27.62M 1.322ms
[38.372s] GC(408) Pause Incremental GC (Collect on allocation) 33.12M->27.62M 1.140ms
[38.423s] GC(409) Pause Full GC (Collect on allocation) 32.62M->22.62M 20.813ms
[38.452s] GC(410) Pause Incremental GC (Collect on allocation) 26.62M->22.62M 1.339ms
[38.478s] GC(411) Pause Incremental GC (Collect on allocation) 26.62M->23.12M 1.225ms
[38.508s] GC(412) Pause Incremental GC (Collect on allocation) 27.62M->23.12M 1.249ms
[38.540s] GC(413) Pause Incremental GC (Collect on allocation) 28.12M->23.12M 1.124ms
[38.575s] GC(414) Pause Incremental GC (Collect on allocation) 28.62M->23.12M 1.307ms
[38.617s] GC(415) Pause Incremental GC (Collect on allocation) 29.62M->23.62M 2.109ms
[38.628s] GC(416) Pause Incremental GC (Collect on allocation) 31.12M->28.12M 6.276ms
[38.646s] GC(417) Pause Incremental GC (Collect on allocation) 35.12M->29.62M 2.769ms
[38.654s] GC(418) Pause Incremental GC (Collect on allocation) 36.12M->31.12M 2.602ms
[38.669s] GC(419) Pause Incremental GC (Collect on allocation) 37.12M->32.12M 3.249ms
[38.679s] GC(420) Pause Incremental GC (Collect on allocation) 37.62M->33.12M 2.910ms
[38.686s] GC(421) Pause Incremental GC (Collect on allocation) 38.12M->33.62M 1.937ms
[38.693s] GC(422) Pause Incremental GC (Collect on allocation) 38.12M->34.12M 1.581ms
[38.699s] GC(423) Pause Incremental GC (Collect on allocation) 38.12M->34.62M 1.678ms
[38.705s] GC(424) Pause Incremental GC (Collect on allocation) 38.62M->35.12M 1.636ms
[38.711s] GC(425) Pause Incremental GC (Collect on allocation) 39.62M->35.62M 1.825ms
[38.718s] GC(426) Pause Incremental GC (Collect on allocation) 40.62M->35.62M 1.951ms
[38.724s] GC(427) Pause Incremental GC (Collect on allocation) 41.12M->36.62M 1.574ms
[38.731s] GC(428) Pause Incremental GC (Collect on allocation) 43.12M->37.12M 1.627ms
[38.732s] GC(429) Pause Incremental GC (Collect on allocation) 37.62M->37.12M 1.060ms
[38.741s] GC(430) Pause Incremental GC (Collect on allocation) 44.12M->38.12M 2.076ms
[38.749s] GC(431) Pause Incremental GC (Collect on allocation) 44.62M->39.12M 1.959ms
[38.789s] GC(432) Pause Full GC (Collect on allocation) 45.12M->35.12M 34.155ms
[38.796s] GC(433) Pause Incremental GC (Collect on allocation) 40.12M->36.62M 2.413ms
[38.802s] GC(434) Pause Incremental GC (Collect on allocation) 41.12M->37.12M 1.547ms
[38.808s] GC(435) Pause Incremental GC (Collect on allocation) 41.12M->37.62M 1.908ms
[38.813s] GC(436) Pause Incremental GC (Collect on allocation) 41.62M->38.62M 1.923ms
[38.819s] GC(437) Pause Incremental GC (Collect on allocation) 42.62M->39.62M 1.661ms
[38.824s] GC(438) Pause Incremental GC (Collect on allocation) 43.62M->40.12M 1.572ms
[38.830s] GC(439) Pause Incremental GC (Collect on allocation) 44.12M->41.12M 1.817ms
[38.836s] GC(440) Pause Incremental GC (Collect on allocation) 45.12M->42.12M 1.998ms
[38.841s] GC(441) Pause Incremental GC (Collect on allocation) 46.12M->42.62M 1.918ms
[38.849s] GC(442) Pause Incremental GC (Collect on allocation) 47.12M->43.62M 2.852ms
[38.858s] GC(443) Pause Incremental GC (Collect on allocation) 48.62M->44.62M 2.532ms
[38.867s] GC(444) Pause Incremental GC (Collect on allocation) 50.12M->46.12M 2.629ms
[38.876s] GC(445) Pause Incremental GC (Collect on allocation) 52.62M->47.12M 2.144ms
[38.886s] GC(446) Pause Incremental GC (Collect on allocation) 54.62M->49.12M 2.660ms
[38.898s] GC(447) Pause Incremental GC (Collect on allocation) 57.62M->50.62M 2.263ms
[38.910s] GC(448) Pause Incremental GC (Collect on allocation) 60.12M->52.62M 2.813ms
[38.923s] GC(449) Pause Incremental GC (Collect on allocation) 63.12M->54.62M 2.494ms
[38.936s] GC(450) Pause Incremental GC (Collect on allocation) 66.62M->57.12M 2.985ms
[38.989s] GC(451) Pause Full GC (Collect on allocation) 70.62M->58.62M 42.127ms
[39.014s] GC(452) Pause Incremental GC (Collect on allocation) 75.12M->63.12M 7.012ms
[39.041s] GC(453) Pause Incremental GC (Collect on allocation) 81.12M->66.62M 4.953ms
[39.066s] GC(454) Pause Incremental GC (Collect on allocation) 86.12M->70.62M 4.266ms
[39.093s] GC(455) Pause Incremental GC (Collect on allocation) 91.62M->75.62M 5.707ms
[39.118s] GC(456) Pause Incremental GC (Collect on allocation) 96.12M->79.62M 4.570ms
[39.144s] GC(457) Pause Incremental GC (Collect on allocation) 99.62M->84.62M 5.181ms
[39.169s] GC(458) Pause Incremental GC (Collect on allocation) 104.12M->89.62M 6.174ms
[39.193s] GC(459) Pause Incremental GC (Collect on allocation) 108.62M->93.62M 5.065ms
[39.222s] GC(460) Pause Incremental GC (Collect on allocation) 112.12M->97.12M 6.032ms
[39.251s] GC(461) Pause Incremental GC (Collect on allocation) 115.12M->101.12M 6.123ms
[39.272s] GC(462) Pause Incremental GC (Collect on allocation) 118.62M->103.62M 3.027ms
[39.292s] GC(463) Pause Incremental GC (Collect on allocation) 120.62M->107.12M 4.079ms
[39.315s] GC(464) Pause Incremental GC (Collect on allocation) 125.62M->111.12M 4.213ms
[39.333s] GC(465) Pause Incremental GC (Collect on allocation) 129.12M->114.62M 3.813ms
[39.420s] GC(466) Pause Full GC (Collect on allocation) 132.12M->110.62M 69.659ms
[39.441s] GC(467) Pause Incremental GC (Collect on allocation) 127.12M->115.12M 5.165ms
[39.462s] GC(468) Pause Incremental GC (Collect on allocation) 133.12M->119.12M 4.027ms
[39.489s] GC(469) Pause Incremental GC (Collect on allocation) 138.62M->123.12M 6.542ms
[39.523s] GC(470) Pause Incremental GC (Collect on allocation) 142.12M->125.62M 8.888ms
[39.567s] GC(471) Pause Incremental GC (Collect on allocation) 144.12M->128.12M 10.358ms
[39.598s] GC(472) Pause Incremental GC (Collect on allocation) 146.12M->129.12M 2.945ms
[39.625s] GC(473) Pause Incremental GC (Collect on allocation) 146.62M->129.62M 3.060ms
[39.650s] GC(474) Pause Incremental GC (Collect on allocation) 148.62M->130.62M 2.317ms
[39.677s] GC(475) Pause Incremental GC (Collect on allocation) 151.12M->131.62M 2.602ms
[39.707s] GC(476) Pause Incremental GC (Collect on allocation) 153.62M->132.62M 2.244ms
[39.738s] GC(477) Pause Incremental GC (Collect on allocation) 156.12M->133.62M 2.466ms
[39.769s] GC(478) Pause Incremental GC (Collect on allocation) 158.62M->135.12M 2.405ms
[39.803s] GC(479) Pause Incremental GC (Collect on allocation) 161.62M->136.12M 2.649ms
[39.839s] GC(480) Pause Incremental GC (Collect on allocation) 164.62M->137.62M 2.731ms
[39.877s] GC(481) Pause Incremental GC (Collect on allocation) 167.62M->139.12M 2.344ms
[39.916s] GC(482) Pause Incremental GC (Collect on allocation) 170.62M->140.62M 2.372ms
[39.961s] GC(483) Pause Incremental GC (Collect on allocation) 174.12M->142.12M 4.669ms
[40.016s] GC(484) Pause Incremental GC (Collect on allocation) 177.62M->143.12M 6.045ms
[40.071s] GC(485) Pause Incremental GC (Collect on allocation) 178.12M->144.62M 5.962ms
[40.117s] GC(486) Pause Incremental GC (Collect on allocation) 179.12M->146.12M 3.298ms
[40.162s] GC(487) Pause Incremental GC (Collect on allocation) 182.62M->147.62M 3.987ms
[40.201s] GC(488) Pause Incremental GC (Collect on allocation) 183.62M->148.62M 4.844ms
[40.293s] GC(489) Pause Full GC (Collect on allocation) 184.12M->73.12M 49.142ms
[40.330s] GC(490) Pause Incremental GC (Collect on allocation) 107.62M->75.62M 3.284ms
[40.379s] GC(491) Pause Incremental GC (Collect on allocation) 112.12M->77.12M 3.975ms
[40.432s] GC(492) Pause Incremental GC (Collect on allocation) 116.12M->78.62M 5.348ms
[40.483s] GC(493) Pause Incremental GC (Collect on allocation) 117.12M->80.62M 4.110ms
[40.542s] GC(494) Pause Incremental GC (Collect on allocation) 118.62M->82.12M 8.792ms
[40.603s] GC(495) Pause Incremental GC (Collect on allocation) 119.62M->83.62M 5.606ms
[40.655s] GC(496) Pause Incremental GC (Collect on allocation) 120.62M->85.12M 4.594ms
[40.710s] GC(497) Pause Incremental GC (Collect on allocation) 121.62M->85.62M 3.492ms
[40.775s] GC(498) Pause Incremental GC (Collect on allocation) 124.62M->86.12M 4.022ms
[40.842s] GC(499) Pause Incremental GC (Collect on allocation) 127.12M->87.12M 4.186ms
[40.923s] GC(500) Pause Incremental GC (Collect on allocation) 127.62M->88.12M 5.260ms
[40.998s] GC(501) Pause Incremental GC (Collect on allocation) 131.12M->89.62M 3.233ms
[41.064s] GC(502) Pause Incremental GC (Collect on allocation) 134.62M->91.62M 4.336ms
[41.126s] GC(503) Pause Incremental GC (Collect on allocation) 136.12M->93.62M 4.527ms
[41.195s] GC(504) Pause Incremental GC (Collect on allocation) 140.62M->96.12M 5.936ms
[41.255s] GC(505) Pause Incremental GC (Collect on allocation) 142.12M->96.62M 4.819ms
[41.306s] GC(506) Pause Incremental GC (Collect on allocation) 141.62M->97.12M 3.525ms
[41.358s] GC(507) Pause Incremental GC (Collect on allocation) 141.62M->97.62M 3.958ms
[41.408s] GC(508) Pause Incremental GC (Collect on allocation) 141.62M->98.12M 3.675ms
[41.458s] GC(509) Pause Incremental GC (Collect on allocation) 141.62M->98.62M 4.083ms
[41.507s] GC(510) Pause Incremental GC (Collect on allocation) 141.62M->99.12M 3.936ms
[41.562s] GC(511) Pause Incremental GC (Collect on allocation) 144.62M->99.12M 3.855ms
[41.616s] GC(512) Pause Incremental GC (Collect on allocation) 144.12M->99.62M 3.500ms
[41.668s] GC(513) Pause Incremental GC (Collect on allocation) 144.12M->99.62M 3.544ms
[41.722s] GC(514) Pause Incremental GC (Collect on allocation) 146.62M->100.12M 3.612ms
[41.772s] GC(515) Pause Incremental GC (Collect on allocation) 146.12M->100.62M 3.156ms
[41.832s] GC(516) Pause Incremental GC (Collect on allocation) 145.62M->101.12M 3.389ms
[41.921s] GC(517) Pause Full GC (Collect on allocation) 148.12M->90.62M 40.133ms
[41.983s] GC(518) Pause Incremental GC (Collect on allocation) 139.12M->91.12M 2.339ms
[42.038s] GC(519) Pause Incremental GC (Collect on allocation) 142.12M->91.62M 2.459ms
[42.098s] GC(520) Pause Incremental GC (Collect on allocation) 145.12M->92.12M 2.797ms
[42.161s] GC(521) Pause Incremental GC (Collect on allocation) 148.12M->92.62M 3.249ms
[42.228s] GC(522) Pause Incremental GC (Collect on allocation) 151.62M->93.62M 3.812ms
[42.297s] GC(523) Pause Incremental GC (Collect on allocation) 155.62M->94.12M 3.859ms
[42.365s] GC(524) Pause Incremental GC (Collect on allocation) 155.12M->94.12M 3.498ms
[42.441s] GC(525) Pause Incremental GC (Collect on allocation) 158.12M->94.62M 5.853ms
[42.533s] GC(526) Pause Incremental GC (Collect on allocation) 157.62M->95.12M 5.945ms
[42.618s] GC(527) Pause Incremental GC (Collect on allocation) 157.12M->95.62M 3.990ms
[42.684s] GC(528) Pause Incremental GC (Collect on allocation) 156.62M->96.12M 3.649ms
[42.750s] GC(529) Pause Incremental GC (Collect on allocation) 156.12M->96.62M 3.611ms
[42.814s] GC(530) Pause Incremental GC (Collect on allocation) 155.62M->97.12M 3.450ms
[42.876s] GC(531) Pause Incremental GC (Collect on allocation) 155.12M->97.62M 3.579ms
[42.938s] GC(532) Pause Incremental GC (Collect on allocation) 154.62M->98.12M 3.745ms
[42.999s] GC(533) Pause Incremental GC (Collect on allocation) 154.12M->98.12M 3.658ms
[43.070s] GC(534) Pause Incremental GC (Collect on allocation) 157.12M->98.12M 4.178ms
[43.138s] GC(535) Pause Incremental GC (Collect on allocation) 156.12M->98.12M 4.566ms
[43.207s] GC(536) Pause Incremental GC (Collect on allocation) 155.12M->98.12M 3.847ms
[43.269s] GC(537) Pause Incremental GC (Collect on allocation) 154.12M->98.62M 3.419ms
[43.335s] GC(538) Pause Incremental GC (Collect on allocation) 157.62M->98.62M 3.889ms
[43.399s] GC(539) Pause Incremental GC (Collect on allocation) 156.62M->98.62M 3.386ms
[43.461s] GC(540) Pause Incremental GC (Collect on allocation) 155.62M->98.62M 3.440ms
[43.524s] GC(541) Pause Incremental GC (Collect on allocation) 154.62M->98.62M 3.571ms
[43.590s] GC(542) Pause Incremental GC (Collect on allocation) 157.62M->98.62M 3.501ms
[43.655s] GC(543) Pause Incremental GC (Collect on allocation) 156.62M->98.62M 3.059ms
[43.753s] GC(544) Pause Full GC (Collect on allocation) 159.62M->91.12M 35.823ms
[43.824s] GC(545) Pause Incremental GC (Collect on allocation) 154.12M->92.12M 2.781ms
[43.897s] GC(546) Pause Incremental GC (Collect on allocation) 158.12M->93.12M 3.081ms
[43.972s] GC(547) Pause Incremental GC (Collect on allocation) 162.62M->94.12M 3.241ms
[44.050s] GC(548) Pause Incremental GC (Collect on allocation) 167.12M->94.62M 3.809ms
[44.133s] GC(549) Pause Incremental GC (Collect on allocation) 171.12M->95.12M 4.244ms
[44.214s] GC(550) Pause Incremental GC (Collect on allocation) 170.12M->95.62M 3.792ms
[44.292s] GC(551) Pause Incremental GC (Collect on allocation) 169.62M->96.12M 3.656ms
[44.372s] GC(552) Pause Incremental GC (Collect on allocation) 169.12M->96.62M 3.835ms
[44.450s] GC(553) Pause Incremental GC (Collect on allocation) 168.62M->97.12M 3.833ms
[44.546s] GC(554) Pause Incremental GC (Collect on allocation) 168.12M->97.12M 6.384ms
[44.644s] GC(555) Pause Incremental GC (Collect on allocation) 167.12M->97.62M 5.350ms
[44.723s] GC(556) Pause Incremental GC (Collect on allocation) 166.62M->98.62M 3.756ms
[44.795s] GC(557) Pause Incremental GC (Collect on allocation) 166.62M->98.12M 3.916ms
[44.867s] GC(558) Pause Incremental GC (Collect on allocation) 165.12M->98.62M 3.920ms
[44.938s] GC(559) Pause Incremental GC (Collect on allocation) 164.62M->99.62M 3.899ms
[45.010s] GC(560) Pause Incremental GC (Collect on allocation) 164.62M->100.12M 4.369ms
[45.081s] GC(561) Pause Incremental GC (Collect on allocation) 164.12M->99.12M 3.988ms
[45.151s] GC(562) Pause Incremental GC (Collect on allocation) 162.12M->99.12M 3.931ms
[45.221s] GC(563) Pause Incremental GC (Collect on allocation) 161.12M->99.62M 3.785ms
[45.294s] GC(564) Pause Incremental GC (Collect on allocation) 165.12M->100.62M 4.340ms
[45.363s] GC(565) Pause Incremental GC (Collect on allocation) 165.12M->100.12M 3.680ms
[45.434s] GC(566) Pause Incremental GC (Collect on allocation) 163.62M->100.62M 3.773ms
[45.537s] GC(567) Pause Full GC (Collect on allocation) 163.12M->93.12M 37.507ms
[45.614s] GC(568) Pause Incremental GC (Collect on allocation) 158.62M->94.12M 2.900ms
[45.690s] GC(569) Pause Incremental GC (Collect on allocation) 163.62M->95.12M 2.928ms
[45.769s] GC(570) Pause Incremental GC (Collect on allocation) 168.12M->95.62M 3.489ms
[45.857s] GC(571) Pause Incremental GC (Collect on allocation) 172.62M->96.12M 3.823ms
[45.954s] GC(572) Pause Incremental GC (Collect on allocation) 177.12M->96.62M 5.607ms
[46.047s] GC(573) Pause Incremental GC (Collect on allocation) 176.12M->97.62M 3.761ms
[46.133s] GC(574) Pause Incremental GC (Collect on allocation) 175.62M->98.62M 3.794ms
[46.216s] GC(575) Pause Incremental GC (Collect on allocation) 175.12M->99.12M 3.646ms
[46.303s] GC(576) Pause Incremental GC (Collect on allocation) 179.62M->99.62M 4.120ms
[46.387s] GC(577) Pause Incremental GC (Collect on allocation) 178.62M->100.12M 4.044ms
[46.470s] GC(578) Pause Incremental GC (Collect on allocation) 177.62M->100.62M 4.063ms
[46.560s] GC(579) Pause Incremental GC (Collect on allocation) 176.62M->101.12M 6.112ms
[46.665s] GC(580) Pause Incremental GC (Collect on allocation) 176.12M->101.12M 6.111ms
[46.755s] GC(581) Pause Incremental GC (Collect on allocation) 175.12M->100.62M 4.292ms
[46.838s] GC(582) Pause Incremental GC (Collect on allocation) 173.62M->100.62M 4.375ms
[46.928s] GC(583) Pause Incremental GC (Collect on allocation) 172.62M->100.12M 5.584ms
[47.017s] GC(584) Pause Incremental GC (Collect on allocation) 171.12M->99.62M 5.245ms
[47.104s] GC(585) Pause Incremental GC (Collect on allocation) 169.62M->99.62M 3.683ms
[47.189s] GC(586) Pause Incremental GC (Collect on allocation) 168.62M->98.62M 3.748ms
[47.270s] GC(587) Pause Incremental GC (Collect on allocation) 166.62M->98.62M 3.371ms
[47.341s] GC(588) Pause Incremental GC (Collect on allocation) 165.62M->98.62M 3.656ms
[47.413s] GC(589) Pause Incremental GC (Collect on allocation) 164.62M->99.12M 3.317ms
[47.518s] GC(590) Pause Full GC (Collect on allocation) 164.12M->94.62M 35.627ms
[47.585s] GC(591) Pause Incremental GC (Collect on allocation) 157.62M->95.62M 2.769ms
[47.654s] GC(592) Pause Incremental GC (Collect on allocation) 157.62M->96.12M 2.611ms
[47.719s] GC(593) Pause Incremental GC (Collect on allocation) 157.12M->96.62M 2.985ms
[47.786s] GC(594) Pause Incremental GC (Collect on allocation) 156.62M->97.12M 3.268ms
[47.854s] GC(595) Pause Incremental GC (Collect on allocation) 156.12M->98.12M 4.065ms
[47.920s] GC(596) Pause Incremental GC (Collect on allocation) 156.12M->98.62M 3.470ms
[47.985s] GC(597) Pause Incremental GC (Collect on allocation) 155.62M->97.62M 3.816ms
[48.065s] GC(598) Pause Incremental GC (Collect on allocation) 153.62M->97.62M 3.415ms
[48.124s] GC(599) Pause Incremental GC (Collect on allocation) 152.62M->98.12M 3.145ms
[48.182s] GC(600) Pause Incremental GC (Collect on allocation) 152.12M->98.62M 2.995ms
[48.240s] GC(601) Pause Incremental GC (Collect on allocation) 151.62M->98.62M 2.905ms
[48.309s] GC(602) Pause Incremental GC (Collect on allocation) 150.62M->99.12M 2.759ms
[48.367s] GC(603) Pause Incremental GC (Collect on allocation) 150.12M->99.62M 2.374ms
[48.420s] GC(604) Pause Incremental GC (Collect on allocation) 149.62M->100.12M 2.142ms
[48.480s] GC(605) Pause Incremental GC (Collect on allocation) 149.12M->100.62M 2.085ms
[48.531s] GC(606) Pause Incremental GC (Collect on allocation) 149.12M->100.62M 2.009ms
[48.582s] GC(607) Pause Incremental GC (Collect on allocation) 148.62M->101.12M 2.188ms
[48.632s] GC(608) Pause Incremental GC (Collect on allocation) 148.62M->101.62M 2.056ms
[48.710s] GC(609) Pause Incremental GC (Collect on allocation) 148.62M->102.12M 3.441ms
[48.780s] GC(610) Pause Incremental GC (Collect on allocation) 148.62M->102.62M 6.897ms
[48.845s] GC(611) Pause Incremental GC (Collect on allocation) 152.12M->103.12M 2.497ms
[48.900s] GC(612) Pause Incremental GC (Collect on allocation) 151.62M->103.62M 2.347ms
[48.952s] GC(613) Pause Incremental GC (Collect on allocation) 151.62M->104.12M 2.212ms
[48.990s] GC(614) Pause Incremental GC (Collect on allocation) 151.62M->104.62M 1.858ms
[49.040s] GC(615) Pause Incremental GC (Collect on allocation) 151.62M->104.62M 2.045ms
[49.089s] GC(616) Pause Incremental GC (Collect on allocation) 151.12M->105.12M 2.077ms
[49.139s] GC(617) Pause Incremental GC (Collect on allocation) 151.12M->105.62M 2.192ms
[49.189s] GC(618) Pause Incremental GC (Collect on allocation) 151.12M->106.12M 2.227ms
[49.237s] GC(619) Pause Incremental GC (Collect on allocation) 151.12M->106.12M 2.186ms
[49.287s] GC(620) Pause Incremental GC (Collect on allocation) 150.62M->106.62M 2.108ms
[49.333s] GC(621) Pause Incremental GC (Collect on allocation) 150.62M->107.12M 1.974ms
[49.379s] GC(622) Pause Incremental GC (Collect on allocation) 150.62M->107.12M 1.966ms
[49.425s] GC(623) Pause Incremental GC (Collect on allocation) 150.12M->107.62M 1.980ms
[49.470s] GC(624) Pause Incremental GC (Collect on allocation) 150.12M->108.12M 1.971ms
[49.515s] GC(625) Pause Incremental GC (Collect on allocation) 150.12M->108.12M 2.154ms
[49.562s] GC(626) Pause Incremental GC (Collect on allocation) 149.62M->108.62M 1.948ms
[49.606s] GC(627) Pause Incremental GC (Collect on allocation) 149.62M->109.12M 1.926ms
[49.650s] GC(628) Pause Incremental GC (Collect on allocation) 149.62M->109.12M 2.061ms
[49.694s] GC(629) Pause Incremental GC (Collect on allocation) 149.12M->109.62M 2.067ms
[49.736s] GC(630) Pause Incremental GC (Collect on allocation) 149.12M->110.12M 1.935ms
[49.777s] GC(631) Pause Incremental GC (Collect on allocation) 149.12M->110.12M 1.895ms
[49.860s] GC(632) Pause Full GC (Collect on allocation) 148.62M->91.12M 42.035ms
[49.905s] GC(633) Pause Incremental GC (Collect on allocation) 128.62M->91.62M 2.420ms
[49.946s] GC(634) Pause Incremental GC (Collect on allocation) 128.62M->92.12M 2.147ms
[49.986s] GC(635) Pause Incremental GC (Collect on allocation) 128.62M->92.12M 1.977ms
[50.024s] GC(636) Pause Incremental GC (Collect on allocation) 128.12M->92.62M 1.896ms
[50.063s] GC(637) Pause Incremental GC (Collect on allocation) 128.12M->92.62M 1.828ms
[50.100s] GC(638) Pause Incremental GC (Collect on allocation) 127.62M->93.12M 1.800ms
[50.137s] GC(639) Pause Incremental GC (Collect on allocation) 127.62M->93.12M 1.921ms
[50.174s] GC(640) Pause Incremental GC (Collect on allocation) 127.12M->93.62M 1.818ms
[50.209s] GC(641) Pause Incremental GC (Collect on allocation) 127.12M->93.62M 1.750ms
[50.248s] GC(642) Pause Incremental GC (Collect on allocation) 129.62M->94.12M 1.934ms
[50.289s] GC(643) Pause Incremental GC (Collect on allocation) 132.62M->94.62M 1.998ms
[50.329s] GC(644) Pause Incremental GC (Collect on allocation) 132.62M->94.62M 1.869ms
[50.369s] GC(645) Pause Incremental GC (Collect on allocation) 132.12M->95.12M 1.851ms
[50.408s] GC(646) Pause Incremental GC (Collect on allocation) 132.12M->95.12M 1.822ms
[50.447s] GC(647) Pause Incremental GC (Collect on allocation) 131.62M->95.62M 1.782ms
[50.484s] GC(648) Pause Incremental GC (Collect on allocation) 131.62M->95.62M 1.823ms
[50.523s] GC(649) Pause Incremental GC (Collect on allocation) 131.12M->96.12M 1.797ms
[50.561s] GC(650) Pause Incremental GC (Collect on allocation) 131.12M->96.12M 1.842ms
[50.602s] GC(651) Pause Incremental GC (Collect on allocation) 133.62M->96.62M 1.865ms
[50.642s] GC(652) Pause Incremental GC (Collect on allocation) 133.62M->97.12M 2.017ms
[50.684s] GC(653) Pause Incremental GC (Collect on allocation) 133.62M->97.12M 2.214ms
[50.731s] GC(654) Pause Incremental GC (Collect on allocation) 136.12M->97.62M 2.643ms
[50.785s] GC(655) Pause Incremental GC (Collect on allocation) 136.12M->98.12M 2.937ms
[50.843s] GC(656) Pause Incremental GC (Collect on allocation) 136.12M->98.12M 3.576ms
[50.898s] GC(657) Pause Incremental GC (Collect on allocation) 135.62M->98.62M 3.413ms
[50.950s] GC(658) Pause Incremental GC (Collect on allocation) 135.62M->99.12M 2.945ms
[50.991s] GC(659) Pause Incremental GC (Collect on allocation) 135.62M->99.12M 2.083ms
[51.033s] GC(660) Pause Incremental GC (Collect on allocation) 135.12M->99.62M 2.108ms
[51.074s] GC(661) Pause Incremental GC (Collect on allocation) 135.12M->100.12M 2.062ms
[51.113s] GC(662) Pause Incremental GC (Collect on allocation) 135.12M->100.12M 1.969ms
[51.152s] GC(663) Pause Incremental GC (Collect on allocation) 134.62M->100.62M 2.126ms
[51.192s] GC(664) Pause Incremental GC (Collect on allocation) 134.62M->101.12M 2.226ms
[51.228s] GC(665) Pause Incremental GC (Collect on allocation) 134.62M->101.12M 1.809ms
[51.265s] GC(666) Pause Incremental GC (Collect on allocation) 134.12M->101.62M 1.961ms
[51.300s] GC(667) Pause Incremental GC (Collect on allocation) 134.12M->101.62M 1.925ms
[51.338s] GC(668) Pause Incremental GC (Collect on allocation) 136.62M->102.12M 1.857ms
[51.376s] GC(669) Pause Incremental GC (Collect on allocation) 136.62M->102.12M 1.933ms
[51.413s] GC(670) Pause Incremental GC (Collect on allocation) 136.12M->102.62M 1.820ms
[51.450s] GC(671) Pause Incremental GC (Collect on allocation) 136.12M->102.62M 1.931ms
[51.486s] GC(672) Pause Incremental GC (Collect on allocation) 135.62M->103.12M 1.963ms
[51.526s] GC(673) Pause Incremental GC (Collect on allocation) 138.62M->103.62M 1.929ms
[51.555s] GC(674) Pause Incremental GC (Collect on allocation) 141.62M->103.62M 2.006ms
[51.631s] GC(675) Pause Full GC (Collect on allocation) 141.12M->91.12M 38.393ms
[51.670s] GC(676) Pause Incremental GC (Collect on allocation) 127.62M->91.62M 2.271ms
[51.709s] GC(677) Pause Incremental GC (Collect on allocation) 127.62M->91.62M 1.932ms
[51.746s] GC(678) Pause Incremental GC (Collect on allocation) 127.12M->92.12M 1.759ms
[51.784s] GC(679) Pause Incremental GC (Collect on allocation) 127.12M->92.62M 1.885ms
[51.820s] GC(680) Pause Incremental GC (Collect on allocation) 127.12M->92.62M 1.788ms
[51.856s] GC(681) Pause Incremental GC (Collect on allocation) 126.62M->93.12M 1.822ms
[51.891s] GC(682) Pause Incremental GC (Collect on allocation) 126.62M->93.12M 1.785ms
[51.926s] GC(683) Pause Incremental GC (Collect on allocation) 126.12M->93.62M 1.878ms
[51.964s] GC(684) Pause Incremental GC (Collect on allocation) 129.12M->93.62M 1.845ms
[52.008s] GC(685) Pause Incremental GC (Collect on allocation) 131.62M->94.12M 2.146ms
[52.048s] GC(686) Pause Incremental GC (Collect on allocation) 131.62M->94.62M 1.922ms
[52.090s] GC(687) Pause Incremental GC (Collect on allocation) 134.62M->94.62M 1.857ms
[52.136s] GC(688) Pause Incremental GC (Collect on allocation) 137.12M->95.12M 2.381ms
[52.180s] GC(689) Pause Incremental GC (Collect on allocation) 137.12M->95.62M 2.169ms
[52.226s] GC(690) Pause Incremental GC (Collect on allocation) 137.12M->95.62M 1.965ms
[52.275s] GC(691) Pause Incremental GC (Collect on allocation) 140.12M->96.12M 2.372ms
[52.323s] GC(692) Pause Incremental GC (Collect on allocation) 140.12M->96.62M 1.968ms
[52.376s] GC(693) Pause Incremental GC (Collect on allocation) 143.62M->96.62M 2.230ms
[52.429s] GC(694) Pause Incremental GC (Collect on allocation) 146.62M->97.12M 2.246ms
[52.486s] GC(695) Pause Incremental GC (Collect on allocation) 150.12M->97.62M 2.087ms
[52.546s] GC(696) Pause Incremental GC (Collect on allocation) 154.12M->98.12M 2.080ms
[52.610s] GC(697) Pause Incremental GC (Collect on allocation) 158.12M->98.62M 2.420ms
[52.680s] GC(698) Pause Incremental GC (Collect on allocation) 162.12M->99.12M 2.342ms
[52.755s] GC(699) Pause Incremental GC (Collect on allocation) 167.12M->99.62M 2.495ms
[52.831s] GC(700) Pause Incremental GC (Collect on allocation) 171.12M->100.12M 2.593ms
[52.912s] GC(701) Pause Incremental GC (Collect on allocation) 176.12M->101.12M 2.637ms
[52.997s] GC(702) Pause Incremental GC (Collect on allocation) 181.62M->101.62M 2.935ms
[53.082s] GC(703) Pause Incremental GC (Collect on allocation) 180.62M->102.12M 2.833ms
[53.215s] GC(704) Pause Full GC (Collect on allocation) 180.12M->90.62M 47.013ms
[53.319s] GC(705) Pause Incremental GC (Collect on allocation) 166.62M->91.12M 3.951ms
[53.400s] GC(706) Pause Incremental GC (Collect on allocation) 166.12M->91.62M 2.833ms
[53.479s] GC(707) Pause Incremental GC (Collect on allocation) 165.62M->92.62M 2.629ms
[53.555s] GC(708) Pause Incremental GC (Collect on allocation) 165.62M->93.12M 2.534ms
[53.631s] GC(709) Pause Incremental GC (Collect on allocation) 165.12M->93.62M 2.583ms
[53.705s] GC(710) Pause Incremental GC (Collect on allocation) 164.62M->94.12M 2.383ms
[53.784s] GC(711) Pause Incremental GC (Collect on allocation) 169.12M->94.62M 2.723ms
[53.865s] GC(712) Pause Incremental GC (Collect on allocation) 168.62M->95.12M 2.770ms
[53.942s] GC(713) Pause Incremental GC (Collect on allocation) 168.12M->95.62M 2.383ms
[54.027s] GC(714) Pause Incremental GC (Collect on allocation) 173.12M->96.62M 3.438ms
[54.112s] GC(715) Pause Incremental GC (Collect on allocation) 172.62M->97.12M 2.668ms
[54.194s] GC(716) Pause Incremental GC (Collect on allocation) 172.12M->97.62M 2.513ms
[54.272s] GC(717) Pause Incremental GC (Collect on allocation) 171.62M->98.12M 2.423ms
[54.356s] GC(718) Pause Incremental GC (Collect on allocation) 176.12M->98.62M 2.857ms
[54.440s] GC(719) Pause Incremental GC (Collect on allocation) 175.62M->99.62M 2.734ms
[54.521s] GC(720) Pause Incremental GC (Collect on allocation) 175.62M->100.12M 2.531ms
[54.604s] GC(721) Pause Incremental GC (Collect on allocation) 175.12M->100.62M 2.810ms
[54.682s] GC(722) Pause Incremental GC (Collect on allocation) 174.62M->101.12M 2.524ms
[54.765s] GC(723) Pause Incremental GC (Collect on allocation) 179.12M->102.12M 2.680ms
[54.847s] GC(724) Pause Incremental GC (Collect on allocation) 179.12M->102.62M 2.520ms
[54.928s] GC(725) Pause Incremental GC (Collect on allocation) 178.62M->103.12M 2.654ms
[55.014s] GC(726) Pause Incremental GC (Collect on allocation) 183.62M->103.62M 2.807ms
[55.087s] GC(727) Pause Incremental GC (Collect on allocation) 183.12M->104.62M 2.922ms
[55.171s] GC(728) Pause Incremental GC (Collect on allocation) 183.12M->105.12M 2.815ms
[55.261s] GC(729) Pause Incremental GC (Collect on allocation) 182.62M->105.62M 3.095ms
[55.344s] GC(730) Pause Incremental GC (Collect on allocation) 182.12M->106.62M 2.703ms
[55.424s] GC(731) Pause Incremental GC (Collect on allocation) 182.12M->107.12M 2.658ms
[55.565s] GC(732) Pause Full GC (Collect on allocation) 181.62M->91.62M 51.641ms
[55.677s] GC(733) Pause Incremental GC (Collect on allocation) 164.12M->92.62M 3.302ms
[55.757s] GC(734) Pause Incremental GC (Collect on allocation) 164.12M->93.12M 2.454ms
[55.833s] GC(735) Pause Incremental GC (Collect on allocation) 163.62M->93.62M 2.809ms
[55.927s] GC(736) Pause Incremental GC (Collect on allocation) 168.62M->94.12M 3.576ms
[56.013s] GC(737) Pause Incremental GC (Collect on allocation) 168.12M->95.12M 2.651ms
[56.095s] GC(738) Pause Incremental GC (Collect on allocation) 168.12M->95.62M 2.656ms
[56.172s] GC(739) Pause Incremental GC (Collect on allocation) 167.62M->96.12M 2.669ms
[56.248s] GC(740) Pause Incremental GC (Collect on allocation) 167.12M->96.62M 2.610ms
[56.323s] GC(741) Pause Incremental GC (Collect on allocation) 166.62M->97.12M 2.467ms
[56.397s] GC(742) Pause Incremental GC (Collect on allocation) 166.12M->97.62M 2.465ms
[56.487s] GC(743) Pause Incremental GC (Collect on allocation) 170.62M->98.12M 2.762ms
[56.566s] GC(744) Pause Incremental GC (Collect on allocation) 170.12M->99.12M 2.668ms
[56.642s] GC(745) Pause Incremental GC (Collect on allocation) 170.12M->99.62M 2.522ms
[56.717s] GC(746) Pause Incremental GC (Collect on allocation) 169.62M->100.12M 2.446ms
[56.790s] GC(747) Pause Incremental GC (Collect on allocation) 169.12M->100.62M 2.482ms
[56.870s] GC(748) Pause Incremental GC (Collect on allocation) 173.62M->101.12M 2.905ms
[56.948s] GC(749) Pause Incremental GC (Collect on allocation) 173.12M->102.12M 2.720ms
[57.026s] GC(750) Pause Incremental GC (Collect on allocation) 173.12M->102.62M 2.536ms
[57.101s] GC(751) Pause Incremental GC (Collect on allocation) 172.62M->103.12M 2.427ms
[57.173s] GC(752) Pause Incremental GC (Collect on allocation) 172.12M->103.62M 2.479ms
[57.246s] GC(753) Pause Incremental GC (Collect on allocation) 171.62M->104.12M 2.661ms
[57.325s] GC(754) Pause Incremental GC (Collect on allocation) 176.12M->104.62M 2.685ms
[57.401s] GC(755) Pause Incremental GC (Collect on allocation) 175.62M->105.12M 2.793ms
[57.486s] GC(756) Pause Incremental GC (Collect on allocation) 180.62M->106.12M 2.945ms
[57.565s] GC(757) Pause Incremental GC (Collect on allocation) 180.62M->106.62M 2.530ms
[57.644s] GC(758) Pause Incremental GC (Collect on allocation) 180.12M->107.12M 2.803ms
[57.721s] GC(759) Pause Incremental GC (Collect on allocation) 179.62M->108.12M 2.966ms
[57.797s] GC(760) Pause Incremental GC (Collect on allocation) 179.62M->108.62M 2.499ms
[57.930s] GC(761) Pause Full GC (Collect on allocation) 179.12M->91.62M 52.637ms
[58.039s] GC(762) Pause Incremental GC (Collect on allocation) 171.62M->92.62M 4.138ms
[58.132s] GC(763) Pause Incremental GC (Collect on allocation) 177.62M->93.12M 3.085ms
[58.236s] GC(764) Pause Incremental GC (Collect on allocation) 183.12M->93.62M 3.065ms
[58.342s] GC(765) Pause Incremental GC (Collect on allocation) 189.12M->94.62M 3.347ms
[58.456s] GC(766) Pause Incremental GC (Collect on allocation) 196.12M->95.12M 3.021ms
[58.577s] GC(767) Pause Incremental GC (Collect on allocation) 202.62M->96.12M 3.117ms
[58.703s] GC(768) Pause Incremental GC (Collect on allocation) 209.62M->97.12M 3.374ms
[58.837s] GC(769) Pause Incremental GC (Collect on allocation) 217.62M->98.12M 4.030ms
[58.966s] GC(770) Pause Incremental GC (Collect on allocation) 216.12M->99.12M 4.662ms
[59.092s] GC(771) Pause Incremental GC (Collect on allocation) 215.12M->100.12M 3.542ms
[59.213s] GC(772) Pause Incremental GC (Collect on allocation) 214.12M->101.12M 3.283ms
[59.334s] GC(773) Pause Incremental GC (Collect on allocation) 213.12M->101.62M 3.438ms
[59.452s] GC(774) Pause Incremental GC (Collect on allocation) 211.62M->102.62M 3.461ms
[59.564s] GC(775) Pause Incremental GC (Collect on allocation) 210.62M->103.62M 3.074ms
[59.676s] GC(776) Pause Incremental GC (Collect on allocation) 210.12M->104.12M 3.370ms
[59.791s] GC(777) Pause Incremental GC (Collect on allocation) 209.12M->105.12M 3.445ms
[59.900s] GC(778) Pause Incremental GC (Collect on allocation) 208.62M->106.12M 3.258ms
[60.009s] GC(779) Pause Incremental GC (Collect on allocation) 208.12M->106.62M 3.037ms
[60.113s] GC(780) Pause Incremental GC (Collect on allocation) 207.12M->107.12M 2.964ms
[60.219s] GC(781) Pause Incremental GC (Collect on allocation) 206.12M->108.12M 3.108ms
[60.314s] GC(782) Pause Incremental GC (Collect on allocation) 205.62M->108.62M 4.319ms
[60.447s] GC(783) Pause Incremental GC (Collect on allocation) 204.62M->109.62M 4.773ms
[60.559s] GC(784) Pause Incremental GC (Collect on allocation) 204.12M->110.12M 2.922ms
[60.656s] GC(785) Pause Incremental GC (Collect on allocation) 203.12M->111.12M 3.093ms
[60.755s] GC(786) Pause Incremental GC (Collect on allocation) 202.62M->111.62M 3.107ms
[60.862s] GC(787) Pause Incremental GC (Collect on allocation) 208.62M->112.62M 3.011ms
[60.974s] GC(788) Pause Incremental GC (Collect on allocation) 208.12M->113.12M 3.062ms
[61.081s] GC(789) Pause Incremental GC (Collect on allocation) 207.12M->114.12M 3.015ms
[61.179s] GC(790) Pause Incremental GC (Collect on allocation) 206.62M->114.62M 2.977ms
[61.275s] GC(791) Pause Incremental GC (Collect on allocation) 205.62M->115.12M 2.829ms
[61.370s] GC(792) Pause Incremental GC (Collect on allocation) 204.62M->116.12M 3.023ms
[61.463s] GC(793) Pause Incremental GC (Collect on allocation) 204.12M->116.62M 2.929ms
[61.583s] GC(794) Pause Full GC (Collect on allocation) 203.12M->93.62M 30.983ms
[61.686s] GC(795) Pause Incremental GC (Collect on allocation) 183.62M->94.62M 3.469ms
[61.781s] GC(796) Pause Incremental GC (Collect on allocation) 183.12M->95.12M 2.885ms
[61.874s] GC(797) Pause Incremental GC (Collect on allocation) 182.12M->95.62M 2.970ms
[61.964s] GC(798) Pause Incremental GC (Collect on allocation) 181.12M->96.62M 2.747ms
[62.061s] GC(799) Pause Incremental GC (Collect on allocation) 187.62M->97.12M 2.994ms
[62.155s] GC(800) Pause Incremental GC (Collect on allocation) 186.62M->98.12M 2.789ms
[62.248s] GC(801) Pause Incremental GC (Collect on allocation) 186.12M->98.62M 2.932ms
[62.339s] GC(802) Pause Incremental GC (Collect on allocation) 185.12M->99.12M 2.875ms
[62.432s] GC(803) Pause Incremental GC (Collect on allocation) 184.12M->103.62M 6.894ms
[62.539s] GC(804) Pause Incremental GC (Collect on allocation) 194.62M->104.12M 5.129ms
[62.681s] GC(805) Pause Incremental GC (Collect on allocation) 201.62M->105.12M 5.201ms
[62.798s] GC(806) Pause Incremental GC (Collect on allocation) 209.62M->106.12M 3.129ms
[62.923s] GC(807) Pause Incremental GC (Collect on allocation) 217.62M->107.12M 4.135ms
[63.054s] GC(808) Pause Incremental GC (Collect on allocation) 226.12M->108.12M 3.786ms
[63.197s] GC(809) Pause Incremental GC (Collect on allocation) 234.62M->109.12M 3.621ms
[63.336s] GC(810) Pause Incremental GC (Collect on allocation) 237.62M->110.12M 3.669ms
[63.472s] GC(811) Pause Incremental GC (Collect on allocation) 238.62M->111.12M 3.682ms
[63.611s] GC(812) Pause Incremental GC (Collect on allocation) 239.62M->112.12M 3.667ms
[63.748s] GC(813) Pause Incremental GC (Collect on allocation) 238.62M->113.12M 3.679ms
[63.883s] GC(814) Pause Incremental GC (Collect on allocation) 237.62M->114.12M 3.714ms
[64.013s] GC(815) Pause Incremental GC (Collect on allocation) 236.62M->114.62M 3.404ms
[64.140s] GC(816) Pause Incremental GC (Collect on allocation) 235.12M->115.62M 3.315ms
[64.268s] GC(817) Pause Incremental GC (Collect on allocation) 234.12M->116.62M 3.740ms
[64.398s] GC(818) Pause Incremental GC (Collect on allocation) 233.12M->117.62M 3.367ms
[64.520s] GC(819) Pause Incremental GC (Collect on allocation) 232.12M->118.12M 3.370ms
[64.638s] GC(820) Pause Incremental GC (Collect on allocation) 230.62M->119.12M 3.608ms
[64.805s] GC(821) Pause Full GC (Collect on allocation) 229.62M->94.12M 46.457ms
[64.952s] GC(822) Pause Incremental GC (Collect on allocation) 209.62M->95.12M 3.747ms
[65.072s] GC(823) Pause Incremental GC (Collect on allocation) 208.62M->96.12M 3.375ms
[65.190s] GC(824) Pause Incremental GC (Collect on allocation) 207.62M->97.12M 3.597ms
[65.290s] GC(825) Pause Incremental GC (Collect on allocation) 206.77M->97.62M 2.833ms
[65.406s] GC(826) Pause Incremental GC (Collect on allocation) 205.62M->98.62M 3.224ms
[65.520s] GC(827) Pause Incremental GC (Collect on allocation) 205.12M->99.62M 3.336ms
[65.633s] GC(828) Pause Incremental GC (Collect on allocation) 204.62M->100.12M 3.405ms
[65.747s] GC(829) Pause Incremental GC (Collect on allocation) 203.62M->101.12M 3.464ms
[65.864s] GC(830) Pause Incremental GC (Collect on allocation) 203.12M->102.62M 3.857ms
[65.977s] GC(831) Pause Incremental GC (Collect on allocation) 203.12M->103.12M 3.962ms
[66.089s] GC(832) Pause Incremental GC (Collect on allocation) 202.12M->104.12M 3.120ms
[66.195s] GC(833) Pause Incremental GC (Collect on allocation) 201.62M->104.62M 5.064ms
[66.306s] GC(834) Pause Incremental GC (Collect on allocation) 208.62M->105.62M 3.053ms
[66.429s] GC(835) Pause Incremental GC (Collect on allocation) 216.62M->106.62M 3.247ms
[66.544s] GC(836) Pause Incremental GC (Collect on allocation) 215.62M->107.62M 3.173ms
[66.658s] GC(837) Pause Incremental GC (Collect on allocation) 215.12M->108.12M 3.250ms
[66.771s] GC(838) Pause Incremental GC (Collect on allocation) 214.12M->109.12M 3.227ms
[66.881s] GC(839) Pause Incremental GC (Collect on allocation) 213.62M->110.12M 3.022ms
[67.010s] GC(840) Pause Incremental GC (Collect on allocation) 213.12M->110.62M 5.274ms
[67.148s] GC(841) Pause Incremental GC (Collect on allocation) 220.62M->111.62M 3.143ms
[67.264s] GC(842) Pause Incremental GC (Collect on allocation) 220.12M->112.62M 3.082ms
[67.382s] GC(843) Pause Incremental GC (Collect on allocation) 219.62M->113.12M 3.150ms
[67.500s] GC(844) Pause Incremental GC (Collect on allocation) 218.62M->114.12M 3.406ms
[67.613s] GC(845) Pause Incremental GC (Collect on allocation) 218.12M->115.12M 4.334ms
[67.720s] GC(846) Pause Incremental GC (Collect on allocation) 217.62M->116.12M 2.952ms
[67.830s] GC(847) Pause Incremental GC (Collect on allocation) 217.12M->116.62M 3.012ms
[67.936s] GC(848) Pause Incremental GC (Collect on allocation) 216.12M->117.62M 3.099ms
[68.038s] GC(849) Pause Incremental GC (Collect on allocation) 215.62M->118.12M 2.825ms
[68.139s] GC(850) Pause Incremental GC (Collect on allocation) 214.62M->119.12M 2.901ms
[68.264s] GC(851) Pause Full GC (Collect on allocation) 214.12M->88.62M 26.799ms
[68.361s] GC(852) Pause Incremental GC (Collect on allocation) 180.62M->91.12M 4.575ms
[68.462s] GC(853) Pause Incremental GC (Collect on allocation) 181.62M->92.12M 3.904ms
[68.556s] GC(854) Pause Incremental GC (Collect on allocation) 181.12M->93.12M 3.144ms
[68.653s] GC(855) Pause Incremental GC (Collect on allocation) 180.62M->96.62M 6.156ms
[68.739s] GC(856) Pause Incremental GC (Collect on allocation) 190.62M->149.12M 37.942ms
[69.012s] GC(857) Pause Full GC (Collect on allocation) 252.12M->210.12M 227.229ms
[69.386s] GC(858) Pause Full GC (Collect on allocation) 321.12M->278.62M 323.242ms
[70.218s] GC(859) Pause Full GC (Collect on allocation) 386.12M->345.62M 754.672ms
[72.831s] GC(860) Pause Full GC (Collect on allocation) 450.12M->417.62M 2535.285ms
2026-10-04T02:57:05.432Z ERROR 1 --- [shortener] [-handler-292900] o.a.c.c.C.[.[.[/].[dispatcherServlet]    : Servlet.service() for servlet [dispatcherServlet] in context with path [] threw exception [Handler dispatch failed: java.lang.OutOfMemoryError: Garbage-collected heap size exceeded. Consider increasing the maximum Java heap size, for example with '-Xmx'.] with root cause

java.lang.OutOfMemoryError: Garbage-collected heap size exceeded. Consider increasing the maximum Java heap size, for example with '-Xmx'.

[75.590s] GC(861) Pause Full GC (Collect on allocation) 522.12M->410.62M 2593.851ms
2026-10-04T02:57:08.190Z ERROR 1 --- [shortener] [nio-8080-Poller] org.apache.tomcat.util.net.NioEndpoint   : Error allocating socket processor

java.lang.UnsupportedOperationException: java.lang.reflect.InvocationTargetException
	at org.apache.tomcat.util.compat.Jre21Compat.threadBuilderStart(Jre21Compat.java:94) ~[uy.ct.shortener.ShortenerApplicationKt:11.0.24]
	at org.apache.tomcat.util.threads.VirtualThreadExecutor.execute(VirtualThreadExecutor.java:57) ~[na:na]
	at org.apache.tomcat.util.net.AbstractEndpoint.processSocket(AbstractEndpoint.java:2109) ~[uy.ct.shortener.ShortenerApplicationKt:11.0.24]
	at org.apache.tomcat.util.net.NioEndpoint$Poller.processKey(NioEndpoint.java:986) ~[uy.ct.shortener.ShortenerApplicationKt:11.0.24]
	at org.apache.tomcat.util.net.NioEndpoint$Poller.run(NioEndpoint.java:947) ~[uy.ct.shortener.ShortenerApplicationKt:11.0.24]
	at java.base@25.0.4.1/java.lang.Thread.runWith(Thread.java:1487) ~[uy.ct.shortener.ShortenerApplicationKt:na]
	at java.base@25.0.4.1/java.lang.Thread.run(Thread.java:1474) ~[uy.ct.shortener.ShortenerApplicationKt:na]
	at org.graalvm.nativeimage.builder/com.oracle.svm.core.thread.PlatformThreads.threadStartRoutine(PlatformThreads.java:837) ~[uy.ct.shortener.ShortenerApplicationKt:na]
	at org.graalvm.nativeimage.builder/com.oracle.svm.core.thread.PlatformThreads.threadStartRoutine(PlatformThreads.java:813) ~[uy.ct.shortener.ShortenerApplicationKt:na]
Caused by: java.lang.reflect.InvocationTargetException
	at java.base@25.0.4.1/java.lang.reflect.Method.invoke(Method.java:565) ~[uy.ct.shortener.ShortenerApplicationKt:na]
	at org.apache.tomcat.util.compat.Jre21Compat.threadBuilderStart(Jre21Compat.java:92) ~[uy.ct.shortener.ShortenerApplicationKt:11.0.24]
	... 8 common frames omitted
Caused by: java.lang.OutOfMemoryError: Garbage-collected heap size exceeded. Consider increasing the maximum Java heap size, for example with '-Xmx'.

[76.848s] GC(862) Pause Full GC (Collect on allocation) 515.12M->386.62M 1092.109ms
[77.919s] GC(863) Pause Full GC (Collect on allocation) 491.12M->354.62M 895.407ms
[78.806s] GC(864) Pause Full GC (Collect on allocation) 459.12M->323.62M 715.023ms
[79.376s] GC(865) Pause Full GC (Collect on allocation) 428.12M->278.62M 387.645ms
[79.708s] GC(866) Pause Full GC (Collect on allocation) 383.12M->240.12M 196.181ms
[79.808s] GC(867) Pause Incremental GC (Collect on allocation) 344.80M->241.30M 4.447ms
[79.919s] GC(868) Pause Incremental GC (Collect on allocation) 345.80M->242.30M 4.718ms
[80.031s] GC(869) Pause Incremental GC (Collect on allocation) 346.80M->243.80M 5.448ms
[80.143s] GC(870) Pause Incremental GC (Collect on allocation) 348.30M->245.30M 5.792ms
[80.255s] GC(871) Pause Incremental GC (Collect on allocation) 349.80M->245.80M 5.864ms
[80.371s] GC(872) Pause Incremental GC (Collect on allocation) 350.30M->246.80M 6.725ms
[80.489s] GC(873) Pause Incremental GC (Collect on allocation) 351.30M->247.30M 6.543ms
[80.605s] GC(874) Pause Incremental GC (Collect on allocation) 351.80M->248.30M 6.947ms
[80.721s] GC(875) Pause Incremental GC (Collect on allocation) 352.80M->249.30M 7.681ms
[80.846s] GC(876) Pause Incremental GC (Collect on allocation) 353.80M->249.80M 12.503ms
[80.993s] GC(877) Pause Incremental GC (Collect on allocation) 354.30M->250.80M 8.846ms
[81.149s] GC(878) Pause Incremental GC (Collect on allocation) 355.30M->251.80M 12.653ms
[81.296s] GC(879) Pause Incremental GC (Collect on allocation) 356.30M->252.30M 15.125ms
[81.432s] GC(880) Pause Incremental GC (Collect on allocation) 356.80M->252.30M 11.084ms
[81.548s] GC(881) Pause Incremental GC (Collect on allocation) 356.80M->249.30M 5.913ms
[81.663s] GC(882) Pause Incremental GC (Collect on allocation) 353.80M->249.80M 5.018ms
[81.780s] GC(883) Pause Incremental GC (Collect on allocation) 354.30M->249.80M 4.863ms
[81.897s] GC(884) Pause Incremental GC (Collect on allocation) 354.30M->249.80M 4.750ms
[82.007s] GC(885) Pause Incremental GC (Collect on allocation) 352.80M->249.80M 4.597ms
[82.116s] GC(886) Pause Incremental GC (Collect on allocation) 351.30M->249.80M 4.577ms
[82.224s] GC(887) Pause Incremental GC (Collect on allocation) 349.80M->249.80M 4.578ms
[82.330s] GC(888) Pause Incremental GC (Collect on allocation) 348.30M->249.80M 4.610ms
[82.435s] GC(889) Pause Incremental GC (Collect on allocation) 346.80M->249.80M 5.076ms
[82.538s] GC(890) Pause Incremental GC (Collect on allocation) 345.30M->249.80M 5.034ms
[82.640s] GC(891) Pause Incremental GC (Collect on allocation) 343.80M->249.80M 5.019ms
[82.741s] GC(892) Pause Incremental GC (Collect on allocation) 342.30M->249.80M 4.570ms
[82.838s] GC(893) Pause Incremental GC (Collect on allocation) 340.80M->249.80M 4.632ms
[82.935s] GC(894) Pause Incremental GC (Collect on allocation) 339.30M->249.80M 4.886ms
[83.030s] GC(895) Pause Incremental GC (Collect on allocation) 337.80M->250.30M 4.769ms
[83.123s] GC(896) Pause Incremental GC (Collect on allocation) 336.80M->250.30M 4.466ms
[83.215s] GC(897) Pause Incremental GC (Collect on allocation) 335.30M->250.80M 4.250ms
[83.307s] GC(898) Pause Incremental GC (Collect on allocation) 334.30M->250.80M 4.145ms
[83.397s] GC(899) Pause Incremental GC (Collect on allocation) 333.30M->251.30M 4.297ms
[83.486s] GC(900) Pause Incremental GC (Collect on allocation) 332.80M->251.30M 4.449ms
[83.583s] GC(901) Pause Incremental GC (Collect on allocation) 331.80M->251.30M 6.626ms
[83.695s] GC(902) Pause Incremental GC (Collect on allocation) 330.80M->250.80M 6.354ms
[83.780s] GC(903) Pause Incremental GC (Collect on allocation) 329.30M->250.30M 3.820ms
[83.861s] GC(904) Pause Incremental GC (Collect on allocation) 327.80M->249.80M 3.763ms
[83.940s] GC(905) Pause Incremental GC (Collect on allocation) 326.30M->249.30M 3.338ms
[89.905s] GC(906) Pause Incremental GC (Collect on allocation) 324.80M->249.80M 5.659ms
