
  .   ____          _            __ _ _
 /\\ / ___'_ __ _ _(_)_ __  __ _ \ \ \ \
( ( )\___ | '_ | '_| | '_ \/ _` | \ \ \ \
 \\/  ___)| |_)| | | | | || (_| |  ) ) ) )
  '  |____| .__|_| |_|_| |_\__, | / / / /
 =========|_|==============|___/=/_/_/_/

 :: Spring Boot ::                (v4.1.1)

2026-10-03T23:44:01.958Z  INFO 1 --- [shortener] [           main] uy.ct.shortener.ShortenerApplicationKt   : Starting ShortenerApplicationKt v0.11.0 using Java 25.0.4.1 with PID 1 (/app.jar started by root in /)
2026-10-03T23:44:01.965Z  INFO 1 --- [shortener] [           main] uy.ct.shortener.ShortenerApplicationKt   : No active profile set, falling back to 1 default profile: "default"
2026-10-03T23:44:03.927Z  INFO 1 --- [shortener] [           main] o.s.boot.tomcat.TomcatWebServer          : Tomcat initialized with port 8080 (http)
2026-10-03T23:44:03.943Z  INFO 1 --- [shortener] [           main] o.apache.catalina.core.StandardService   : Starting service [Tomcat]
2026-10-03T23:44:03.943Z  INFO 1 --- [shortener] [           main] o.apache.catalina.core.StandardEngine    : Starting Servlet engine: [Apache Tomcat/11.0.24]
2026-10-03T23:44:03.969Z  INFO 1 --- [shortener] [           main] b.w.c.s.WebApplicationContextInitializer : Root WebApplicationContext: initialization completed in 1897 ms
2026-10-03T23:44:04.325Z  INFO 1 --- [shortener] [           main] com.zaxxer.hikari.HikariDataSource       : HikariPool-1 - Starting...
2026-10-03T23:44:04.453Z  INFO 1 --- [shortener] [           main] com.zaxxer.hikari.pool.HikariPool        : HikariPool-1 - Added connection org.postgresql.jdbc.PgConnection@2890e479
2026-10-03T23:44:04.454Z  INFO 1 --- [shortener] [           main] com.zaxxer.hikari.HikariDataSource       : HikariPool-1 - Start completed.
2026-10-03T23:44:04.471Z  INFO 1 --- [shortener] [           main] org.flywaydb.core.FlywayExecutor         : Database: jdbc:postgresql://localhost:32940/mydatabase (PostgreSQL 18.6)
2026-10-03T23:44:04.529Z  INFO 1 --- [shortener] [           main] o.f.core.internal.command.DbValidate     : Successfully validated 5 migrations (execution time 00:00.022s)
2026-10-03T23:44:04.573Z  INFO 1 --- [shortener] [           main] o.f.core.internal.command.DbMigrate      : Current version of schema "public": 5
2026-10-03T23:44:04.577Z  INFO 1 --- [shortener] [           main] o.f.core.internal.command.DbMigrate      : Schema "public" is up to date. No migration necessary.
2026-10-03T23:44:05.630Z  INFO 1 --- [shortener] [           main] o.s.boot.tomcat.TomcatWebServer          : Tomcat started on port 8080 (http) with context path '/'
2026-10-03T23:44:05.687Z  INFO 1 --- [shortener] [           main] o.s.boot.tomcat.TomcatWebServer          : Tomcat initialized with port 8081 (http)
2026-10-03T23:44:05.687Z  INFO 1 --- [shortener] [           main] o.apache.catalina.core.StandardService   : Starting service [Tomcat]
2026-10-03T23:44:05.688Z  INFO 1 --- [shortener] [           main] o.apache.catalina.core.StandardEngine    : Starting Servlet engine: [Apache Tomcat/11.0.24]
2026-10-03T23:44:05.697Z  INFO 1 --- [shortener] [           main] b.w.c.s.WebApplicationContextInitializer : Root WebApplicationContext: initialization completed in 64 ms
2026-10-03T23:44:05.715Z  INFO 1 --- [shortener] [           main] o.s.b.a.e.web.EndpointLinksResolver      : Exposing 2 endpoints beneath base path '/actuator'
2026-10-03T23:44:05.739Z  INFO 1 --- [shortener] [           main] o.s.boot.tomcat.TomcatWebServer          : Tomcat started on port 8081 (http) with context path '/'
2026-10-03T23:44:05.749Z  INFO 1 --- [shortener] [           main] o.s.s.config.TaskSchedulerRouter         : No TaskScheduler/ScheduledExecutorService bean found for scheduled processing
2026-10-03T23:44:05.753Z  INFO 1 --- [shortener] [           main] uy.ct.shortener.ShortenerApplicationKt   : Started ShortenerApplicationKt in 4.251 seconds (process running for 4.82)
2026-10-03T23:44:05.911Z  INFO 1 --- [shortener] [omcat-handler-0] o.a.c.c.C.[Tomcat-1].[localhost].[/]     : Initializing Spring DispatcherServlet 'dispatcherServletRegistration'
2026-10-03T23:44:05.912Z  INFO 1 --- [shortener] [omcat-handler-0] o.s.web.servlet.DispatcherServlet        : Initializing Servlet 'dispatcherServletRegistration'
2026-10-03T23:44:05.912Z  INFO 1 --- [shortener] [omcat-handler-0] o.s.web.servlet.DispatcherServlet        : Completed initialization in 0 ms
2026-10-03T23:44:12.327Z  INFO 1 --- [shortener] [omcat-handler-0] o.a.c.c.C.[Tomcat].[localhost].[/]       : Initializing Spring DispatcherServlet 'dispatcherServlet'
2026-10-03T23:44:12.328Z  INFO 1 --- [shortener] [omcat-handler-0] o.s.web.servlet.DispatcherServlet        : Initializing Servlet 'dispatcherServlet'
2026-10-03T23:44:12.329Z  INFO 1 --- [shortener] [omcat-handler-0] o.s.web.servlet.DispatcherServlet        : Completed initialization in 1 ms
Exception in thread "http-nio-8080-Acceptor" java.lang.OutOfMemoryError: Java heap space
	at java.base/java.nio.HeapByteBuffer.<init>(Unknown Source)
	at java.base/java.nio.ByteBuffer.allocate(Unknown Source)
	at org.apache.tomcat.util.net.SocketBufferHandler.<init>(SocketBufferHandler.java:72)
	at org.apache.tomcat.util.net.NioEndpoint.setSocketOptions(NioEndpoint.java:569)
	at org.apache.tomcat.util.net.NioEndpoint.setSocketOptions(NioEndpoint.java:71)
	at org.apache.tomcat.util.net.Acceptor.run(Acceptor.java:165)
	at java.base/java.lang.Thread.runWith(Unknown Source)
	at java.base/java.lang.Thread.run(Unknown Source)
Exception in thread "http-nio-8081-Acceptor" java.lang.OutOfMemoryError: Java heap space
	at java.base/java.nio.HeapByteBuffer.<init>(Unknown Source)
	at java.base/java.nio.ByteBuffer.allocate(Unknown Source)
	at org.apache.tomcat.util.net.SocketBufferHandler.<init>(SocketBufferHandler.java:71)
	at org.apache.tomcat.util.net.NioEndpoint.setSocketOptions(NioEndpoint.java:569)
	at org.apache.tomcat.util.net.NioEndpoint.setSocketOptions(NioEndpoint.java:71)
	at org.apache.tomcat.util.net.Acceptor.run(Acceptor.java:165)
	at java.base/java.lang.Thread.runWith(Unknown Source)
	at java.base/java.lang.Thread.run(Unknown Source)
